bigsect-softraid.img: 20.0GB (5242880 sectors of 4096 bytes)
    description:         
    device name:         bigsect-softraid.img
    device path:         bigsect-softraid.img
    sector size:         4096
    total sectors:       5242880
    total cylinders:     320 (cylinders)
    tracks per cylinder: 16 (heads)
    sectors per track:   1024 (sectors)


EFI GPT partition table at sector 1 (backup at sector 5242879) of bigsect-softraid.img:
  size:                 92
  primary gpt sector:   1
  backup gpt sector:    5242879
  first data sector:    64
  last data sector:     5242816
  guid:                 b5daf27a-0d36-4752-bf9a-24185bd7d3df
  partition sector:     2
  max partitions:       128
  partition size:       128


            Start       Size GUID                                 Type
1:   X          0          0 00000000-0000-0000-0000-000000000000 00000000-0000-0000-0000-000000000000 unused
2:             64        959 2d2f1a74-027e-4af3-9305-eecdbb5180ef c12a7328-f81f-11d2-ba4b-00a0c93ec93b EFI System Partition
3:   X          0          0 00000000-0000-0000-0000-000000000000 00000000-0000-0000-0000-000000000000 unused
4:           1024    5241792 7470965a-34b6-4244-b466-9dd92d173266 824cc7a0-36a8-11e3-890a-952519ad3f61 
 OpenBSD disklabel at sector 1024 (offset 0) of bigsect-softraid.img:
  version: 1
  type: vnd/vinum (12)
  disk: vnd device
  label: fictitious
  flags: 00000000
  bytes/sector: 4096
  sectors/track: 256
  tracks/cylinder: 1024
  sectors/cylinder: 262144
  cylinders: 20
  total sectors: 5242880
  uid: 18de9da469bf44de
  byte order: little endian
  partition count: 16

             Start       Size Type    fsize bsize   cpg
 a:           1024    1571840 RAID
  OpenBSD software RAID at sector 1026 of bigsect-softraid.img:
  vendor: OPENBSD
  product: SR RAID 1
  revision: 006
  uuid: e0ca5d915ef24534891df17f2a541ec4
  chunk count: 2
  chunk id: 0x1
  optional metadata elements: 0
  volume id: 0x2
  raid level: RAID-1 (1)
  size: 12574192
  strip size: 0
  data offset: 528
  on disk version counter: 6
  last rebuild block: 0
  byte order: little endian
              Start       Size Level
               1090    1571774 RAID-1
   OpenBSD disklabel at sector 0 (offset 0) of bigsect-softraid.img:
  version: 1
  type: SCSI (4)
  disk: SCSI disk
  label: SR RAID 1
  flags: 00000000
  bytes/sector: 4096
  sectors/track: 63
  tracks/cylinder: 255
  sectors/cylinder: 16065
  cylinders: 97
  total sectors: 1571774
  uid: 7bb99d680af9ac06
  byte order: little endian
  partition count: 16

               Start       Size Type    fsize bsize   cpg
   a:              0     273104 4.2BSD   4096 32768  8517
   b:   X          0          0 unused
   c:              0    1571774 unused      0     0
   d:   X          0          0 unused
   e:   X          0          0 unused
   f:   X          0          0 unused
   g:   X          0          0 unused
   h:   X          0          0 unused
   i:   X          0          0 unused
   j:   X          0          0 unused
   k:   X          0          0 unused
   l:   X          0          0 unused
   m:   X          0          0 unused
   n:   X          0          0 unused
   o:   X          0          0 unused
   p:   X          0          0 unused
 b:   X          0          0 unused
 c:   X          0    5242880 unused      0     0
 d:   X          0          0 unused
 e:   X          0          0 unused
 f:   X          0          0 unused
 g:   X          0          0 unused
 h:   X          0          0 unused
 i:   X         64        960 MSDOS
 j:   X          0          0 unused
 k:   X          0          0 unused
 l:   X          0          0 unused
 m:   X          0          0 unused
 n:   X          0          0 unused
 o:   X          0          0 unused
 p:   X          0          0 unused
5:   X          0          0 00000000-0000-0000-0000-000000000000 00000000-0000-0000-0000-000000000000 unused
6:   X          0          0 00000000-0000-0000-0000-000000000000 00000000-0000-0000-0000-000000000000 unused
7:   X          0          0 00000000-0000-0000-0000-000000000000 00000000-0000-0000-0000-000000000000 unused
8:   X          0          0 00000000-0000-0000-0000-000000000000 00000000-0000-0000-0000-000000000000 unused
9:   X          0          0 00000000-0000-0000-0000-000000000000 00000000-0000-0000-0000-000000000000 unused
10:  X          0          0 00000000-0000-0000-0000-000000000000 00000000-0000-0000-0000-000000000000 unused
11:  X          0          0 00000000-0000-0000-0000-000000000000 00000000-0000-0000-0000-000000000000 unused
12:  X          0          0 00000000-0000-0000-0000-000000000000 00000000-0000-0000-0000-000000000000 unused
13:  X          0          0 00000000-0000-0000-0000-000000000000 00000000-0000-0000-0000-000000000000 unused
14:  X          0          0 00000000-0000-0000-0000-000000000000 00000000-0000-0000-0000-000000000000 unused
15:  X          0          0 00000000-0000-0000-0000-000000000000 00000000-0000-0000-0000-000000000000 unused
16:  X          0          0 00000000-0000-0000-0000-000000000000 00000000-0000-0000-0000-000000000000 unused
17:  X          0          0 00000000-0000-0000-0000-000000000000 00000000-0000-0000-0000-000000000000 unused
18:  X          0          0 00000000-0000-0000-0000-000000000000 00000000-0000-0000-0000-000000000000 unused
19:  X          0          0 00000000-0000-0000-0000-000000000000 00000000-0000-0000-0000-000000000000 unused
20:  X          0          0 00000000-0000-0000-0000-000000000000 00000000-0000-0000-0000-000000000000 unused
21:  X          0          0 00000000-0000-0000-0000-000000000000 00000000-0000-0000-0000-000000000000 unused
22:  X          0          0 00000000-0000-0000-0000-000000000000 00000000-0000-0000-0000-000000000000 unused
23:  X          0          0 00000000-0000-0000-0000-000000000000 00000000-0000-0000-0000-000000000000 unused
24:  X          0          0 00000000-0000-0000-0000-000000000000 00000000-0000-0000-0000-000000000000 unused
25:  X          0          0 00000000-0000-0000-0000-000000000000 00000000-0000-0000-0000-000000000000 unused
26:  X          0          0 00000000-0000-0000-0000-000000000000 00000000-0000-0000-0000-000000000000 unused
27:  X          0          0 00000000-0000-0000-0000-000000000000 00000000-0000-0000-0000-000000000000 unused
28:  X          0          0 00000000-0000-0000-0000-000000000000 00000000-0000-0000-0000-000000000000 unused
29:  X          0          0 00000000-0000-0000-0000-000000000000 00000000-0000-0000-0000-000000000000 unused
30:  X          0          0 00000000-0000-0000-0000-000000000000 00000000-0000-0000-0000-000000000000 unused
31:  X          0          0 00000000-0000-0000-0000-000000000000 00000000-0000-0000-0000-000000000000 unused
32:  X          0          0 00000000-0000-0000-0000-000000000000 00000000-0000-0000-0000-000000000000 unused
33:  X          0          0 00000000-0000-0000-0000-000000000000 00000000-0000-0000-0000-000000000000 unused
34:  X          0          0 00000000-0000-0000-0000-000000000000 00000000-0000-0000-0000-000000000000 unused
35:  X          0          0 00000000-0000-0000-0000-000000000000 00000000-0000-0000-0000-000000000000 unused
36:  X          0          0 00000000-0000-0000-0000-000000000000 00000000-0000-0000-0000-000000000000 unused
37:  X          0          0 00000000-0000-0000-0000-000000000000 00000000-0000-0000-0000-000000000000 unused
38:  X          0          0 00000000-0000-0000-0000-000000000000 00000000-0000-0000-0000-000000000000 unused
39:  X          0          0 00000000-0000-0000-0000-000000000000 00000000-0000-0000-0000-000000000000 unused
40:  X          0          0 00000000-0000-0000-0000-000000000000 00000000-0000-0000-0000-000000000000 unused
41:  X          0          0 00000000-0000-0000-0000-000000000000 00000000-0000-0000-0000-000000000000 unused
42:  X          0          0 00000000-0000-0000-0000-000000000000 00000000-0000-0000-0000-000000000000 unused
43:  X          0          0 00000000-0000-0000-0000-000000000000 00000000-0000-0000-0000-000000000000 unused
44:  X          0          0 00000000-0000-0000-0000-000000000000 00000000-0000-0000-0000-000000000000 unused
45:  X          0          0 00000000-0000-0000-0000-000000000000 00000000-0000-0000-0000-000000000000 unused
46:  X          0          0 00000000-0000-0000-0000-000000000000 00000000-0000-0000-0000-000000000000 unused
47:  X          0          0 00000000-0000-0000-0000-000000000000 00000000-0000-0000-0000-000000000000 unused
48:  X          0          0 00000000-0000-0000-0000-000000000000 00000000-0000-0000-0000-000000000000 unused
49:  X          0          0 00000000-0000-0000-0000-000000000000 00000000-0000-0000-0000-000000000000 unused
50:  X          0          0 00000000-0000-0000-0000-000000000000 00000000-0000-0000-0000-000000000000 unused
51:  X          0          0 00000000-0000-0000-0000-000000000000 00000000-0000-0000-0000-000000000000 unused
52:  X          0          0 00000000-0000-0000-0000-000000000000 00000000-0000-0000-0000-000000000000 unused
53:  X          0          0 00000000-0000-0000-0000-000000000000 00000000-0000-0000-0000-000000000000 unused
54:  X          0          0 00000000-0000-0000-0000-000000000000 00000000-0000-0000-0000-000000000000 unused
55:  X          0          0 00000000-0000-0000-0000-000000000000 00000000-0000-0000-0000-000000000000 unused
56:  X          0          0 00000000-0000-0000-0000-000000000000 00000000-0000-0000-0000-000000000000 unused
57:  X          0          0 00000000-0000-0000-0000-000000000000 00000000-0000-0000-0000-000000000000 unused
58:  X          0          0 00000000-0000-0000-0000-000000000000 00000000-0000-0000-0000-000000000000 unused
59:  X          0          0 00000000-0000-0000-0000-000000000000 00000000-0000-0000-0000-000000000000 unused
60:  X          0          0 00000000-0000-0000-0000-000000000000 00000000-0000-0000-0000-000000000000 unused
61:  X          0          0 00000000-0000-0000-0000-000000000000 00000000-0000-0000-0000-000000000000 unused
62:  X          0          0 00000000-0000-0000-0000-000000000000 00000000-0000-0000-0000-000000000000 unused
63:  X          0          0 00000000-0000-0000-0000-000000000000 00000000-0000-0000-0000-000000000000 unused
64:  X          0          0 00000000-0000-0000-0000-000000000000 00000000-0000-0000-0000-000000000000 unused
65:  X          0          0 00000000-0000-0000-0000-000000000000 00000000-0000-0000-0000-000000000000 unused
66:  X          0          0 00000000-0000-0000-0000-000000000000 00000000-0000-0000-0000-000000000000 unused
67:  X          0          0 00000000-0000-0000-0000-000000000000 00000000-0000-0000-0000-000000000000 unused
68:  X          0          0 00000000-0000-0000-0000-000000000000 00000000-0000-0000-0000-000000000000 unused
69:  X          0          0 00000000-0000-0000-0000-000000000000 00000000-0000-0000-0000-000000000000 unused
70:  X          0          0 00000000-0000-0000-0000-000000000000 00000000-0000-0000-0000-000000000000 unused
71:  X          0          0 00000000-0000-0000-0000-000000000000 00000000-0000-0000-0000-000000000000 unused
72:  X          0          0 00000000-0000-0000-0000-000000000000 00000000-0000-0000-0000-000000000000 unused
73:  X          0          0 00000000-0000-0000-0000-000000000000 00000000-0000-0000-0000-000000000000 unused
74:  X          0          0 00000000-0000-0000-0000-000000000000 00000000-0000-0000-0000-000000000000 unused
75:  X          0          0 00000000-0000-0000-0000-000000000000 00000000-0000-0000-0000-000000000000 unused
76:  X          0          0 00000000-0000-0000-0000-000000000000 00000000-0000-0000-0000-000000000000 unused
77:  X          0          0 00000000-0000-0000-0000-000000000000 00000000-0000-0000-0000-000000000000 unused
78:  X          0          0 00000000-0000-0000-0000-000000000000 00000000-0000-0000-0000-000000000000 unused
79:  X          0          0 00000000-0000-0000-0000-000000000000 00000000-0000-0000-0000-000000000000 unused
80:  X          0          0 00000000-0000-0000-0000-000000000000 00000000-0000-0000-0000-000000000000 unused
81:  X          0          0 00000000-0000-0000-0000-000000000000 00000000-0000-0000-0000-000000000000 unused
82:  X          0          0 00000000-0000-0000-0000-000000000000 00000000-0000-0000-0000-000000000000 unused
83:  X          0          0 00000000-0000-0000-0000-000000000000 00000000-0000-0000-0000-000000000000 unused
84:  X          0          0 00000000-0000-0000-0000-000000000000 00000000-0000-0000-0000-000000000000 unused
85:  X          0          0 00000000-0000-0000-0000-000000000000 00000000-0000-0000-0000-000000000000 unused
86:  X          0          0 00000000-0000-0000-0000-000000000000 00000000-0000-0000-0000-000000000000 unused
87:  X          0          0 00000000-0000-0000-0000-000000000000 00000000-0000-0000-0000-000000000000 unused
88:  X          0          0 00000000-0000-0000-0000-000000000000 00000000-0000-0000-0000-000000000000 unused
89:  X          0          0 00000000-0000-0000-0000-000000000000 00000000-0000-0000-0000-000000000000 unused
90:  X          0          0 00000000-0000-0000-0000-000000000000 00000000-0000-0000-0000-000000000000 unused
91:  X          0          0 00000000-0000-0000-0000-000000000000 00000000-0000-0000-0000-000000000000 unused
92:  X          0          0 00000000-0000-0000-0000-000000000000 00000000-0000-0000-0000-000000000000 unused
93:  X          0          0 00000000-0000-0000-0000-000000000000 00000000-0000-0000-0000-000000000000 unused
94:  X          0          0 00000000-0000-0000-0000-000000000000 00000000-0000-0000-0000-000000000000 unused
95:  X          0          0 00000000-0000-0000-0000-000000000000 00000000-0000-0000-0000-000000000000 unused
96:  X          0          0 00000000-0000-0000-0000-000000000000 00000000-0000-0000-0000-000000000000 unused
MBR partition table at sector 0 of bigsect-softraid.img:
            Start       Size A    C   H  S    C   H  S Type
0:   X          1 4294967295   1023/255/63-1023/255/63 EFI GPT (0xee)
1:   X          0          0      0/  0/ 0-   0/  0/ 0 unused (0x00)
2:   X          0          0      0/  0/ 0-   0/  0/ 0 unused (0x00)
3:   X          0          0      0/  0/ 0-   0/  0/ 0 unused (0x00)
