bigsect-softraid.img: 20.0GB (5242880 sectors of 4096 bytes)

EFI GPT partition table at sector 1 (backup at sector 5242879) of bigsect-softraid.img:
            Start       Size Type
2:             64        959 EFI System Partition
4:           1024    5241792 824cc7a0-36a8-11e3-890a-952519ad3f61
 OpenBSD disklabel at sector 1024 (offset 0) of bigsect-softraid.img:
             Start       Size Type
 a:           1024    1571840 RAID
  OpenBSD software RAID at sector 1026 of bigsect-softraid.img:
              Start       Size Level
               1090    1571774 RAID-1
   OpenBSD disklabel at sector 0 (offset 0) of bigsect-softraid.img:
               Start       Size Type
   a:              0     273104 4.2BSD
   c:              0    1571774 unused
 c:   X          0    5242880 unused
 i:   X         64        960 MSDOS
MBR partition table at sector 0 of bigsect-softraid.img:
            Start       Size A Type
0:   X          1 4294967295   EFI GPT (0xee)
