jre-sibyl-wd1.img: 37.3GB (78165360 sectors of 512 bytes)
    label:               jre-sibyl-wd1.img
    device path:         jre-sibyl-wd1.img
    sector size:         512
    total sectors:       78165360
    total cylinders:     4865 (cylinders)
    tracks per cylinder: 255 (heads)
    sectors per track:   63 (sectors)


MBR partition table at sector 0 of jre-sibyl-wd1.img:
                 Start            Size A    C   H  S    C   H  S Type
0:                  63         9770985      0/  1/ 1- 608/ 55/63 OpenBSD (0xa6)
 BSD disklabel at sector 63 (offset 1) of jre-sibyl-wd1.img:
  type: ESDI (5)
  disk: ESDI/IDE disk
  label: small old misc
  flags: 00000000
  bytes/sector: 512
  sectors/track: 63
  tracks/cylinder: 16
  sectors/cylinder: 1008
  cylinders: 16383
  total sectors: 78165360
  rpm: 3600
  interleave: 1
  trackskew: 0
  cylinderskew: 0
  headswitch: 0
  track-to-track seek: 0
  byte order: little endian
  partition count: 16

                  Start            Size Type    fsize bsize   cpg
 a:                  63          262017 4.2BSD   2048 16384   260
 b:   X               0               0 unused
 c:   X               0        78165360 unused      0     0
 d:              262080           65520 4.2BSD   2048 16384    66
 e:              327600          131040 4.2BSD   2048 16384   130
 f:              458640         7340256 4.2BSD   2048 16384   328
 g:             7798896         1972152 4.2BSD   2048 16384   328
 h:   X        39083247         9770481 4.2BSD   2048 16384   328
 i:   X               0               0 unused
 j:   X               0               0 unused
 k:   X               0               0 unused
 l:   X               0               0 unused
 m:   X               0               0 unused
 n:   X               0               0 unused
 o:   X               0               0 unused
 p:   X               0               0 unused
1:             9771048        14342328 * 1023/255/63-1023/255/63 FreeBSD or DragonFly (0xa5)
 BSD disklabel at sector 9771048 (offset 1) of jre-sibyl-wd1.img:
  type: unknown (0)
  disk: amnesiac
  label: fictitious
  flags: 00000000
  bytes/sector: 512
  sectors/track: 63
  tracks/cylinder: 128
  sectors/cylinder: 8064
  cylinders: 1778
  total sectors: 14342328
  rpm: 3600
  interleave: 1
  trackskew: 0
  cylinderskew: 0
  headswitch: 0
  track-to-track seek: 0
  byte order: little endian
  partition count: 16

                  Start            Size Type    fsize bsize   cpg
 a:             9771048          524288 4.2BSD      0     0     0
 b:            10295336         1048576 swap
 c:             9771048        14342328 unused      0     0
 d:            11343912          524288 4.2BSD      0     0     0
 e:            11868200          524288 4.2BSD      0     0     0
 f:            12392488         6291456 4.2BSD      0     0     0
 g:            18683944         5429432 4.2BSD      0     0     0
 h:   X               0               0 unused
 i:   X               0               0 unused
 j:   X               0               0 unused
 k:   X               0               0 unused
 l:   X               0               0 unused
 m:   X               0               0 unused
 n:   X               0               0 unused
 o:   X               0               0 unused
 p:   X               0               0 unused
2:            24113565        14956515   1023/255/63-1023/254/63 FreeBSD or DragonFly (0xa5)
 BSD disklabel at sector 24113565 (offset 1) of jre-sibyl-wd1.img:
  type: ESDI (5)
  disk: ad3s3
  label: 
  flags: 00000000
  bytes/sector: 512
  sectors/track: 63
  tracks/cylinder: 255
  sectors/cylinder: 16065
  cylinders: 4865
  total sectors: 78165360
  rpm: 3600
  interleave: 1
  trackskew: 0
  cylinderskew: 0
  headswitch: 0
  track-to-track seek: 0
  byte order: little endian
  partition count: 8

                  Start            Size Type    fsize bsize   cpg
 a:            24113565         1048576 4.2BSD   2048 16384     8
 b:            25162141         1048576 swap
 c:            24113565        14956515 unused      0     0
 d:            26210717          524288 4.2BSD   2048 16384 32776
 e:            26735005          524288 4.2BSD   2048 16384 32776
 f:            27259293        11810787 4.2BSD   2048 16384 28552
 g:   X               0               0 unused
 h:   X               0               0 unused
3:            39083184        39082176   1023/255/63-1023/144/63 DOS Extended (0x05)
 4:            39083247         9770481   1023/255/63-1023/255/63 BeOS (0xeb)
 5:            48853791         9770481   1023/ 17/ 1-1023/255/63 Syllable (0x2a)
 6:            58624335        19541025   1023/239/63-1023/239/63 NTFS or HPFS (0x07)
 BSD disklabel at sector 39083184 (offset 1) of jre-sibyl-wd1.img:
  type: unknown (0)
  disk: amnesiac
  label: 
  flags: 00000000
  bytes/sector: 512
  sectors/track: 63
  tracks/cylinder: 16
  sectors/cylinder: 1008
  cylinders: 19386
  total sectors: 19541088
  rpm: 3600
  interleave: 1
  trackskew: 0
  cylinderskew: 0
  headswitch: 0
  track-to-track seek: 0
  byte order: little endian
  partition count: 8

                  Start            Size Type    fsize bsize   cpg
 a:            39083184          512000 4.2BSD   2048 16384    94
 b:            39595184          536576 swap
 c:            39083184        19541088 unused      0     0
 d:   X               0               0 unused
 e:            40131760          524288 4.2BSD   2048 16384    94
 f:            40656048          524288 4.2BSD   2048 16384    94
 g:            41180336        17443936 4.2BSD   2048 16384    89
 h:   X               0               0 unused


Dump of jre-sibyl-wd1.img MBR at sector 0 (0x0):
000000000000  eb 48 90 d0 bc 00 7c fb  50 07 50 1f fc be 1b 7c  |.H....|.P.P....||
000000000010  bf 1b 06 50 57 b9 e5 01  f3 a4 cb be be 07 b1 04  |...PW...........|
000000000020  38 2c 7c 09 75 15 83 c6  10 e2 f5 cd 18 8b 14 8b  |8,|.u...........|
000000000030  ee 83 c6 10 49 74 16 38  2c 74 f6 be 10 07 03 02  |....It.8,t......|
000000000040  80 00 00 20 01 00 00 00  00 02 fa 90 90 f6 c2 80  |... ............|
000000000050  75 02 b2 80 ea 59 7c 00  00 31 c0 8e d8 8e d0 bc  |u....Y|..1......|
000000000060  00 20 fb a0 40 7c 3c ff  74 02 88 c2 52 be 7f 7d  |. ..@|<.t...R..}|
000000000070  e8 34 01 f6 c2 80 74 54  b4 41 bb aa 55 cd 13 5a  |.4....tT.A..U..Z|
000000000080  52 72 49 81 fb 55 aa 75  43 a0 41 7c 84 c0 75 05  |RrI..U.uC.A|..u.|
000000000090  83 e1 01 74 37 66 8b 4c  10 be 05 7c c6 44 ff 01  |...t7f.L...|.D..|
0000000000a0  66 8b 1e 44 7c c7 04 10  00 c7 44 02 01 00 66 89  |f..D|.....D...f.|
0000000000b0  5c 08 c7 44 06 00 70 66  31 c0 89 44 04 66 89 44  |\..D..pf1..D.f.D|
0000000000c0  0c b4 42 cd 13 72 05 bb  00 70 eb 7d b4 08 cd 13  |..B..r...p.}....|
0000000000d0  73 0a f6 c2 80 0f 84 ea  00 e9 8d 00 be 05 7c c6  |s.............|.|
0000000000e0  44 ff 00 66 31 c0 88 f0  40 66 89 44 04 31 d2 88  |D..f1...@f.D.1..|
0000000000f0  ca c1 e2 02 88 e8 88 f4  40 89 44 08 31 c0 88 d0  |........@.D.1...|
000000000100  c0 e8 02 66 89 04 66 a1  44 7c 66 31 d2 66 f7 34  |...f..f.D|f1.f.4|
000000000110  88 54 0a 66 31 d2 66 f7  74 04 88 54 0b 89 44 0c  |.T.f1.f.t..T..D.|
000000000120  3b 44 08 7d 3c 8a 54 0d  c0 e2 06 8a 4c 0a fe c1  |;D.}<.T.....L...|
000000000130  08 d1 8a 6c 0c 5a 8a 74  0b bb 00 70 8e c3 31 db  |...l.Z.t...p..1.|
000000000140  b8 01 02 cd 13 72 2a 8c  c3 8e 06 48 7c 60 1e b9  |.....r*....H|`..|
000000000150  00 01 8e db 31 f6 31 ff  fc f3 a5 1f 61 ff 26 42  |....1.1.....a.&B|
000000000160  7c be 85 7d e8 40 00 eb  0e be 8a 7d e8 38 00 eb  ||..}.@.....}.8..|
000000000170  06 be 94 7d e8 30 00 be  99 7d e8 2a 00 eb fe 47  |...}.0...}.*...G|
000000000180  52 55 42 20 00 47 65 6f  6d 00 48 61 72 64 20 44  |RUB .Geom.Hard D|
000000000190  69 73 6b 00 52 65 61 64  00 20 45 72 72 6f 72 00  |isk.Read. Error.|
0000000001a0  bb 01 00 b4 0e cd 10 ac  3c 00 75 f4 c3 00 00 00  |........<.u.....|
0000000001b0  00 00 00 00 00 00 00 00  3d 89 3f 09 00 00 00 01  |........=.?.....|
0000000001c0  01 00 a6 37 bf 60 3f 00  00 00 e9 17 95 00 80 ff  |...7.`?.........|
0000000001d0  ff ff a5 ff ff ff 28 18  95 00 b8 d8 da 00 00 ff  |......(.........|
0000000001e0  ff ff a5 fe ff ff 9d f1  6f 01 e3 37 e4 00 00 ff  |........o..7....|
0000000001f0  ff ff 05 90 ff ff b0 5c  54 02 c0 58 54 02 55 aa  |.......\T..XT.U.|
000000000200


Dump of jre-sibyl-wd1.img BSD disklabel at sector 64 (0x40) offset 0 (0x0):
000000008000  57 45 56 82 05 00 00 00  45 53 44 49 2f 49 44 45  |WEV.....ESDI/IDE|
000000008010  20 64 69 73 6b 00 00 00  73 6d 61 6c 6c 20 6f 6c  | disk...small ol|
000000008020  64 20 6d 69 73 63 00 00  00 02 00 00 3f 00 00 00  |d misc......?...|
000000008030  10 00 00 00 ff 3f 00 00  f0 03 00 00 70 b5 a8 04  |.....?......p...|
000000008040  00 00 00 00 00 00 00 00  10 0e 01 00 00 00 00 00  |................|
000000008050  00 00 00 00 00 00 00 00  00 00 00 00 00 00 00 00  |................|
000000008060  00 00 00 00 00 00 00 00  00 00 00 00 00 00 00 00  |................|
000000008070  00 00 00 00 00 00 00 00  00 00 00 00 00 00 00 00  |................|
000000008080  00 00 00 00 57 45 56 82  28 0a 10 00 00 20 00 00  |....WEV.(.... ..|
000000008090  00 20 00 00 81 ff 03 00  3f 00 00 00 00 08 00 00  |. ......?.......|
0000000080a0  07 08 04 01 00 00 00 00  00 00 00 00 00 00 00 00  |................|
0000000080b0  00 00 00 00 70 b5 a8 04  00 00 00 00 00 00 00 00  |....p...........|
0000000080c0  00 00 00 00 f0 ff 00 00  c0 ff 03 00 00 08 00 00  |................|
0000000080d0  07 08 42 00 e0 ff 01 00  b0 ff 04 00 00 08 00 00  |..B.............|
0000000080e0  07 08 82 00 e0 00 70 00  90 ff 06 00 00 08 00 00  |......p.........|
0000000080f0  07 08 48 01 b8 17 1e 00  70 00 77 00 00 08 00 00  |..H.....p.w.....|
000000008100  07 08 48 01 f1 15 95 00  ef 5c 54 02 00 08 00 00  |..H......\T.....|
000000008110  07 08 48 01 00 00 00 00  00 00 00 00 00 00 00 00  |..H.............|
000000008120  00 00 00 00 00 00 00 00  00 00 00 00 00 00 00 00  |................|
000000008130  00 00 00 00 00 00 00 00  00 00 00 00 00 00 00 00  |................|
000000008140  00 00 00 00 00 00 00 00  00 00 00 00 00 00 00 00  |................|
000000008150  00 00 00 00 00 00 00 00  00 00 00 00 00 00 00 00  |................|
000000008160  00 00 00 00 00 00 00 00  00 00 00 00 00 00 00 00  |................|
000000008170  00 00 00 00 00 00 00 00  00 00 00 00 00 00 00 00  |................|
000000008180  00 00 00 00 00 00 00 00  00 00 00 00 00 00 00 00  |................|
000000008190  00 00 00 00 00 00 00 00  00 00 00 00 00 00 00 00  |................|
0000000081a0  00 00 00 00 00 00 00 00  00 00 00 00 00 00 00 00  |................|
0000000081b0  00 00 00 00 00 00 00 00  00 00 00 00 00 00 00 00  |................|
0000000081c0  00 00 00 00 00 00 00 00  00 00 00 00 00 00 00 00  |................|
0000000081d0  00 00 00 00 00 00 00 00  00 00 00 00 00 00 00 00  |................|
0000000081e0  00 00 00 00 00 00 00 00  00 00 00 00 00 00 00 00  |................|
0000000081f0  00 00 00 00 00 00 00 00  00 00 00 00 00 00 00 00  |................|
000000008200


Dump of jre-sibyl-wd1.img BSD disklabel at sector 9771049 (0x951829) offset 0 (0x0):
00012a305200  57 45 56 82 00 00 00 00  61 6d 6e 65 73 69 61 63  |WEV.....amnesiac|
00012a305210  00 00 00 00 00 00 00 00  66 69 63 74 69 74 69 6f  |........fictitio|
00012a305220  75 73 00 00 00 00 00 00  00 02 00 00 3f 00 00 00  |us..........?...|
00012a305230  80 00 00 00 f2 06 00 00  80 1f 00 00 b8 d8 da 00  |................|
00012a305240  00 00 00 00 00 00 00 00  10 0e 01 00 00 00 00 00  |................|
00012a305250  00 00 00 00 00 00 00 00  00 00 00 00 00 00 00 00  |................|
00012a305260  00 00 00 00 00 00 00 00  00 00 00 00 00 00 00 00  |................|
00012a305270  00 00 00 00 00 00 00 00  00 00 00 00 00 00 00 00  |................|
00012a305280  00 00 00 00 57 45 56 82  38 a3 10 00 00 20 00 00  |....WEV.8.... ..|
00012a305290  00 20 00 00 00 00 08 00  28 18 95 00 00 00 00 00  |. ......(.......|
00012a3052a0  07 00 00 00 00 00 10 00  28 18 9d 00 00 00 00 00  |........(.......|
00012a3052b0  01 00 00 00 b8 d8 da 00  28 18 95 00 00 00 00 00  |........(.......|
00012a3052c0  00 00 00 00 00 00 08 00  28 18 ad 00 00 00 00 00  |........(.......|
00012a3052d0  07 00 00 00 00 00 08 00  28 18 b5 00 00 00 00 00  |........(.......|
00012a3052e0  07 00 00 00 00 00 60 00  28 18 bd 00 00 00 00 00  |......`.(.......|
00012a3052f0  07 00 00 00 b8 d8 52 00  28 18 1d 01 00 00 00 00  |......R.(.......|
00012a305300  07 00 00 00 00 00 00 00  00 00 00 00 00 00 00 00  |................|
00012a305310  00 00 00 00 00 00 00 00  00 00 00 00 00 00 00 00  |................|
00012a305320  00 00 00 00 00 00 00 00  00 00 00 00 00 00 00 00  |................|
00012a305330  00 00 00 00 00 00 00 00  00 00 00 00 00 00 00 00  |................|
00012a305340  00 00 00 00 00 00 00 00  00 00 00 00 00 00 00 00  |................|
00012a305350  00 00 00 00 00 00 00 00  00 00 00 00 00 00 00 00  |................|
00012a305360  00 00 00 00 00 00 00 00  00 00 00 00 00 00 00 00  |................|
00012a305370  00 00 00 00 00 00 00 00  00 00 00 00 00 00 00 00  |................|
00012a305380  00 00 00 00 00 00 00 00  00 00 00 00 00 00 00 00  |................|
00012a305390  00 00 00 00 00 00 00 00  00 00 00 00 00 00 00 00  |................|
00012a3053a0  00 00 00 00 00 00 00 00  00 00 00 00 00 00 00 00  |................|
00012a3053b0  00 00 00 00 00 00 00 00  00 00 00 00 00 00 00 00  |................|
00012a3053c0  00 00 00 00 00 00 00 00  00 00 00 00 00 00 00 00  |................|
00012a3053d0  00 00 00 00 00 00 00 00  00 00 00 00 00 00 00 00  |................|
00012a3053e0  00 00 00 00 00 00 00 00  00 00 00 00 00 00 00 00  |................|
00012a3053f0  00 00 00 00 00 00 00 00  00 00 00 00 00 00 00 00  |................|
00012a305400


Dump of jre-sibyl-wd1.img BSD disklabel at sector 24113566 (0x16ff19e) offset 0 (0x0):
0002dfe33c00  57 45 56 82 05 00 00 00  61 64 33 73 33 00 00 00  |WEV.....ad3s3...|
0002dfe33c10  00 00 00 00 00 00 00 00  00 00 00 00 00 00 00 00  |................|
0002dfe33c20  00 00 00 00 00 00 00 00  00 02 00 00 3f 00 00 00  |............?...|
0002dfe33c30  ff 00 00 00 01 13 00 00  c1 3e 00 00 70 b5 a8 04  |.........>..p...|
0002dfe33c40  00 00 00 00 00 00 00 00  10 0e 01 00 00 00 00 00  |................|
0002dfe33c50  00 00 00 00 00 00 00 00  00 00 00 00 00 00 00 00  |................|
0002dfe33c60  00 00 00 00 00 00 00 00  00 00 00 00 00 00 00 00  |................|
0002dfe33c70  00 00 00 00 00 00 00 00  00 00 00 00 00 00 00 00  |................|
0002dfe33c80  00 00 00 00 57 45 56 82  8c c8 08 00 00 20 00 00  |....WEV...... ..|
0002dfe33c90  00 00 00 00 00 00 10 00  9d f1 6f 01 00 08 00 00  |..........o.....|
0002dfe33ca0  07 08 08 00 00 00 10 00  9d f1 7f 01 00 00 00 00  |................|
0002dfe33cb0  01 00 00 00 e3 37 e4 00  9d f1 6f 01 00 00 00 00  |.....7....o.....|
0002dfe33cc0  00 00 00 00 00 00 08 00  9d f1 8f 01 00 08 00 00  |................|
0002dfe33cd0  07 08 08 80 00 00 08 00  9d f1 97 01 00 08 00 00  |................|
0002dfe33ce0  07 08 08 80 e3 37 b4 00  9d f1 9f 01 00 08 00 00  |.....7..........|
0002dfe33cf0  07 08 88 6f 00 00 00 00  00 00 00 00 00 00 00 00  |...o............|
0002dfe33d00  00 00 00 00 00 00 00 00  00 00 00 00 00 00 00 00  |................|
0002dfe33d10  00 00 00 00 eb 0e 42 54  58 01 01 80 f6 0f b0 07  |......BTX.......|
0002dfe33d20  00 20 00 00 fa 31 c0 8e  d0 bc 00 18 8e c0 8e d8  |. ...1..........|
0002dfe33d30  66 6a 02 66 9d bf 00 1e  b9 00 39 57 f3 ab 5f be  |fj.f......9W.._.|
0002dfe33d40  12 97 ac 98 91 e3 1d ac  92 ad 93 ad b6 08 d1 eb  |................|
0002dfe33d50  73 0b 89 05 88 75 02 88  55 05 83 c0 04 8d 7d 08  |s....u..U.....}.|
0002dfe33d60  e2 ec eb de c6 45 05 18  c6 45 08 10 c6 45 0d 1e  |.....E...E...E..|
0002dfe33d70  c6 45 66 68 bb 20 28 e8  b8 00 0f 01 1e 06 97 0f  |.Efh. (.........|
0002dfe33d80  01 16 00 97 0f 20 c0 40  0f 22 c0 ea 7c 90 08 00  |..... .@."..|...|
0002dfe33d90  31 c9 b1 10 8e d1 b1 38  0f 00 d9 ba 00 a0 00 00  |1......8........|
0002dfe33da0  36 0f b7 05 13 04 00 00  c1 e0 0a 2d 00 10 00 00  |6..........-....|
0002dfe33db0  29 d0 b1 33 51 50 68 02  02 00 00 6a 2b ff 35 0c  |)..3QPh....j+.5.|
0002dfe33dc0  90 00 00 51 51 51 51 52  b1 07 6a 00 e2 fc 61 07  |...QQQQR..j...a.|
0002dfe33dd0  1f 0f a1 0f a9 cf fa bc  00 18 00 00 0f 20 c0 25  |............. .%|
0002dfe33de0  ff ff ff 7f 0f 22 c0 31  c9 0f 22 d9 0f 01 15 00  |.....".1..".....|
0002dfe33df0  97 00 00 66 ea e5 90 18  00 b1 20 8e d1 8e d9 8e  |...f...... .....|
0002dfe33e00


Dump of jre-sibyl-wd1.img extended MBR at sector 39083184 (0x2545cb0):
0004a8b96000  00 00 00 00 00 00 00 00  00 00 00 00 00 00 00 00  |................|
0004a8b96010  00 00 00 00 00 00 00 00  00 00 00 00 00 00 00 00  |................|
0004a8b96020  00 00 00 00 00 00 00 00  00 00 00 00 00 00 00 00  |................|
0004a8b96030  00 00 00 00 00 00 00 00  00 00 00 00 00 00 00 00  |................|
0004a8b96040  00 00 00 00 00 00 00 00  00 00 00 00 00 00 00 00  |................|
0004a8b96050  00 00 00 00 00 00 00 00  00 00 00 00 00 00 00 00  |................|
0004a8b96060  00 00 00 00 00 00 00 00  00 00 00 00 00 00 00 00  |................|
0004a8b96070  00 00 00 00 00 00 00 00  00 00 00 00 00 00 00 00  |................|
0004a8b96080  00 00 00 00 00 00 00 00  00 00 00 00 00 00 00 00  |................|
0004a8b96090  00 00 00 00 00 00 00 00  00 00 00 00 00 00 00 00  |................|
0004a8b960a0  00 00 00 00 00 00 00 00  00 00 00 00 00 00 00 00  |................|
0004a8b960b0  00 00 00 00 00 00 00 00  00 00 00 00 00 00 00 00  |................|
0004a8b960c0  00 00 00 00 00 00 00 00  00 00 00 00 00 00 00 00  |................|
0004a8b960d0  00 00 00 00 00 00 00 00  00 00 00 00 00 00 00 00  |................|
0004a8b960e0  00 00 00 00 00 00 00 00  00 00 00 00 00 00 00 00  |................|
0004a8b960f0  00 00 00 00 00 00 00 00  00 00 00 00 00 00 00 00  |................|
0004a8b96100  00 00 00 00 00 00 00 00  00 00 00 00 00 00 00 00  |................|
0004a8b96110  00 00 00 00 00 00 00 00  00 00 00 00 00 00 00 00  |................|
0004a8b96120  00 00 00 00 00 00 00 00  00 00 00 00 00 00 00 00  |................|
0004a8b96130  00 00 00 00 00 00 00 00  00 00 00 00 00 00 00 00  |................|
0004a8b96140  00 00 00 00 00 00 00 00  00 00 00 00 00 00 00 00  |................|
0004a8b96150  00 00 00 00 00 00 00 00  00 00 00 00 00 00 00 00  |................|
0004a8b96160  00 00 00 00 00 00 00 00  00 00 00 00 00 00 00 00  |................|
0004a8b96170  00 00 00 00 00 00 00 00  00 00 00 00 00 00 00 00  |................|
0004a8b96180  00 00 00 00 00 00 00 00  00 00 00 00 00 00 00 00  |................|
0004a8b96190  00 00 00 00 00 00 00 00  00 00 00 00 00 00 00 00  |................|
0004a8b961a0  00 00 00 00 00 00 00 00  00 00 00 00 00 00 00 00  |................|
0004a8b961b0  00 00 00 00 00 00 00 00  00 00 00 00 00 00 00 ff  |................|
0004a8b961c0  ff ff eb ff ff ff 3f 00  00 00 f1 15 95 00 00 0f  |......?.........|
0004a8b961d0  ff ff 05 0f ff ff 30 16  95 00 30 16 95 00 00 00  |......0...0.....|
0004a8b961e0  00 00 00 00 00 00 00 00  00 00 00 00 00 00 00 00  |................|
0004a8b961f0  00 00 00 00 00 00 00 00  00 00 00 00 00 00 55 aa  |..............U.|
0004a8b96200


Dump of jre-sibyl-wd1.img BSD disklabel at sector 39083185 (0x2545cb1) offset 0 (0x0):
0004a8b96200  57 45 56 82 00 00 00 00  61 6d 6e 65 73 69 61 63  |WEV.....amnesiac|
0004a8b96210  00 00 00 00 00 00 00 00  00 00 00 00 00 00 00 00  |................|
0004a8b96220  00 00 00 00 00 00 00 00  00 02 00 00 3f 00 00 00  |............?...|
0004a8b96230  10 00 00 00 ba 4b 00 00  f0 03 00 00 60 2c 2a 01  |.....K......`,*.|
0004a8b96240  00 00 00 00 00 00 00 00  10 0e 01 00 00 00 00 00  |................|
0004a8b96250  00 00 00 00 00 00 00 00  00 00 00 00 00 00 00 00  |................|
0004a8b96260  00 00 00 00 00 00 00 00  00 00 00 00 00 00 00 00  |................|
0004a8b96270  00 00 00 00 00 00 00 00  00 00 00 00 00 00 00 00  |................|
0004a8b96280  00 00 00 00 57 45 56 82  22 fb 08 00 00 20 00 00  |....WEV.".... ..|
0004a8b96290  00 20 00 00 00 d0 07 00  b0 5c 54 02 00 08 00 00  |. .......\T.....|
0004a8b962a0  07 08 5e 00 00 30 08 00  b0 2c 5c 02 00 00 00 00  |..^..0...,\.....|
0004a8b962b0  01 00 00 00 60 2c 2a 01  b0 5c 54 02 00 00 00 00  |....`,*..\T.....|
0004a8b962c0  00 00 00 00 00 00 00 00  00 00 00 00 00 00 00 00  |................|
0004a8b962d0  00 00 00 00 00 00 08 00  b0 5c 64 02 00 08 00 00  |.........\d.....|
0004a8b962e0  07 08 5e 00 00 00 08 00  b0 5c 6c 02 00 08 00 00  |..^......\l.....|
0004a8b962f0  07 08 5e 00 60 2c 0a 01  b0 5c 74 02 00 08 00 00  |..^.`,...\t.....|
0004a8b96300  07 08 59 00 00 00 00 00  00 00 00 00 00 00 00 00  |..Y.............|
0004a8b96310  00 00 00 00 00 00 00 00  00 00 00 00 00 00 00 00  |................|
0004a8b96320  00 00 00 00 00 00 00 00  00 00 00 00 00 00 00 00  |................|
0004a8b96330  00 00 00 00 00 00 00 00  00 00 00 00 00 00 00 00  |................|
0004a8b96340  00 00 00 00 00 00 00 00  00 00 00 00 00 00 00 00  |................|
0004a8b96350  00 00 00 00 00 00 00 00  00 00 00 00 00 00 00 00  |................|
0004a8b96360  00 00 00 00 00 00 00 00  00 00 00 00 00 00 00 00  |................|
0004a8b96370  00 00 00 00 00 00 00 00  00 00 00 00 00 00 00 00  |................|
0004a8b96380  00 00 00 00 00 00 00 00  00 00 00 00 00 00 00 00  |................|
0004a8b96390  00 00 00 00 00 00 00 00  00 00 00 00 00 00 00 00  |................|
0004a8b963a0  00 00 00 00 00 00 00 00  00 00 00 00 00 00 00 00  |................|
0004a8b963b0  00 00 00 00 00 00 00 00  00 00 00 00 00 00 00 00  |................|
0004a8b963c0  00 00 00 00 00 00 00 00  00 00 00 00 00 00 00 00  |................|
0004a8b963d0  00 00 00 00 00 00 00 00  00 00 00 00 00 00 00 00  |................|
0004a8b963e0  00 00 00 00 00 00 00 00  00 00 00 00 00 00 00 00  |................|
0004a8b963f0  00 00 00 00 00 00 00 00  00 00 00 00 00 00 00 00  |................|
0004a8b96400


Dump of jre-sibyl-wd1.img extended MBR at sector 48853728 (0x2e972e0):
0005d2e5c000  00 00 00 00 00 00 00 00  00 00 00 00 00 00 00 00  |................|
0005d2e5c010  00 00 00 00 00 00 00 00  00 00 00 00 00 00 00 00  |................|
0005d2e5c020  00 00 00 00 00 00 00 00  00 00 00 00 00 00 00 00  |................|
0005d2e5c030  00 00 00 00 00 00 00 00  00 00 00 00 00 00 00 00  |................|
0005d2e5c040  00 00 00 00 00 00 00 00  00 00 00 00 00 00 00 00  |................|
0005d2e5c050  00 00 00 00 00 00 00 00  00 00 00 00 00 00 00 00  |................|
0005d2e5c060  00 00 00 00 00 00 00 00  00 00 00 00 00 00 00 00  |................|
0005d2e5c070  00 00 00 00 00 00 00 00  00 00 00 00 00 00 00 00  |................|
0005d2e5c080  00 00 00 00 00 00 00 00  00 00 00 00 00 00 00 00  |................|
0005d2e5c090  00 00 00 00 00 00 00 00  00 00 00 00 00 00 00 00  |................|
0005d2e5c0a0  00 00 00 00 00 00 00 00  00 00 00 00 00 00 00 00  |................|
0005d2e5c0b0  00 00 00 00 00 00 00 00  00 00 00 00 00 00 00 00  |................|
0005d2e5c0c0  00 00 00 00 00 00 00 00  00 00 00 00 00 00 00 00  |................|
0005d2e5c0d0  00 00 00 00 00 00 00 00  00 00 00 00 00 00 00 00  |................|
0005d2e5c0e0  00 00 00 00 00 00 00 00  00 00 00 00 00 00 00 00  |................|
0005d2e5c0f0  00 00 00 00 00 00 00 00  00 00 00 00 00 00 00 00  |................|
0005d2e5c100  00 00 00 00 00 00 00 00  00 00 00 00 00 00 00 00  |................|
0005d2e5c110  00 00 00 00 00 00 00 00  00 00 00 00 00 00 00 00  |................|
0005d2e5c120  00 00 00 00 00 00 00 00  00 00 00 00 00 00 00 00  |................|
0005d2e5c130  00 00 00 00 00 00 00 00  00 00 00 00 00 00 00 00  |................|
0005d2e5c140  00 00 00 00 00 00 00 00  00 00 00 00 00 00 00 00  |................|
0005d2e5c150  00 00 00 00 00 00 00 00  00 00 00 00 00 00 00 00  |................|
0005d2e5c160  00 00 00 00 00 00 00 00  00 00 00 00 00 00 00 00  |................|
0005d2e5c170  00 00 00 00 00 00 00 00  00 00 00 00 00 00 00 00  |................|
0005d2e5c180  00 00 00 00 00 00 00 00  00 00 00 00 00 00 00 00  |................|
0005d2e5c190  00 00 00 00 00 00 00 00  00 00 00 00 00 00 00 00  |................|
0005d2e5c1a0  00 00 00 00 00 00 00 00  00 00 00 00 00 00 00 00  |................|
0005d2e5c1b0  00 00 00 00 00 00 00 00  00 00 00 00 00 00 00 11  |................|
0005d2e5c1c0  c1 ff 2a ff ff ff 3f 00  00 00 f1 15 95 00 00 0f  |..*...?.........|
0005d2e5c1d0  ff ff 05 0f ff ff 60 2c  2a 01 60 2c 2a 01 00 00  |......`,*.`,*...|
0005d2e5c1e0  00 00 00 00 00 00 00 00  00 00 00 00 00 00 00 00  |................|
0005d2e5c1f0  00 00 00 00 00 00 00 00  00 00 00 00 00 00 55 aa  |..............U.|
0005d2e5c200


Dump of jre-sibyl-wd1.img extended MBR at sector 58624272 (0x37e8910):
0006fd122000  00 00 00 00 00 00 00 00  00 00 00 00 00 00 00 00  |................|
0006fd122010  00 00 00 00 00 00 00 00  00 00 00 00 00 00 00 00  |................|
0006fd122020  00 00 00 00 00 00 00 00  00 00 00 00 00 00 00 00  |................|
0006fd122030  00 00 00 00 00 00 00 00  00 00 00 00 00 00 00 00  |................|
0006fd122040  00 00 00 00 00 00 00 00  00 00 00 00 00 00 00 00  |................|
0006fd122050  00 00 00 00 00 00 00 00  00 00 00 00 00 00 00 00  |................|
0006fd122060  00 00 00 00 00 00 00 00  00 00 00 00 00 00 00 00  |................|
0006fd122070  00 00 00 00 00 00 00 00  00 00 00 00 00 00 00 00  |................|
0006fd122080  00 00 00 00 00 00 00 00  00 00 00 00 00 00 00 00  |................|
0006fd122090  00 00 00 00 00 00 00 00  00 00 00 00 00 00 00 00  |................|
0006fd1220a0  00 00 00 00 00 00 00 00  00 00 00 00 00 00 00 00  |................|
0006fd1220b0  00 00 00 00 00 00 00 00  00 00 00 00 00 00 00 00  |................|
0006fd1220c0  00 00 00 00 00 00 00 00  00 00 00 00 00 00 00 00  |................|
0006fd1220d0  00 00 00 00 00 00 00 00  00 00 00 00 00 00 00 00  |................|
0006fd1220e0  00 00 00 00 00 00 00 00  00 00 00 00 00 00 00 00  |................|
0006fd1220f0  00 00 00 00 00 00 00 00  00 00 00 00 00 00 00 00  |................|
0006fd122100  00 00 00 00 00 00 00 00  00 00 00 00 00 00 00 00  |................|
0006fd122110  00 00 00 00 00 00 00 00  00 00 00 00 00 00 00 00  |................|
0006fd122120  00 00 00 00 00 00 00 00  00 00 00 00 00 00 00 00  |................|
0006fd122130  00 00 00 00 00 00 00 00  00 00 00 00 00 00 00 00  |................|
0006fd122140  00 00 00 00 00 00 00 00  00 00 00 00 00 00 00 00  |................|
0006fd122150  00 00 00 00 00 00 00 00  00 00 00 00 00 00 00 00  |................|
0006fd122160  00 00 00 00 00 00 00 00  00 00 00 00 00 00 00 00  |................|
0006fd122170  00 00 00 00 00 00 00 00  00 00 00 00 00 00 00 00  |................|
0006fd122180  00 00 00 00 00 00 00 00  00 00 00 00 00 00 00 00  |................|
0006fd122190  00 00 00 00 00 00 00 00  00 00 00 00 00 00 00 00  |................|
0006fd1221a0  00 00 00 00 00 00 00 00  00 00 00 00 00 00 00 00  |................|
0006fd1221b0  00 00 00 00 00 00 00 00  00 00 00 00 00 00 00 ef  |................|
0006fd1221c0  ff ff 07 ef ff ff 3f 00  00 00 21 2c 2a 01 00 00  |......?...!,*...|
0006fd1221d0  00 00 00 00 00 00 00 00  00 00 00 00 00 00 00 00  |................|
0006fd1221e0  00 00 00 00 00 00 00 00  00 00 00 00 00 00 00 00  |................|
0006fd1221f0  00 00 00 00 00 00 00 00  00 00 00 00 00 00 55 aa  |..............U.|
0006fd122200
