jre-ruby-wd2.img: 233GB (488397168 sectors of 512 bytes)
    label:               jre-ruby-wd2.img
    device path:         jre-ruby-wd2.img
    sector size:         512
    total sectors:       488397168
    total cylinders:     32301 (cylinders)
    tracks per cylinder: 240 (heads)
    sectors per track:   63 (sectors)


MBR partition table at sector 0 of jre-ruby-wd2.img:
                 Start            Size A    C   H  S    C   H  S Type
0:                  63       244198526 *    0/  1/ 1-1023/168/ 5 OpenBSD (0xa6)
 OpenBSD disklabel at sector 63 (offset 1) of jre-ruby-wd2.img:
  version: 1
  type: ESDI (5)
  disk: ESDI/IDE disk
  label: WDC WD2500JB-57R
  flags: 00000000
  bytes/sector: 512
  sectors/track: 63
  tracks/cylinder: 255
  sectors/cylinder: 16065
  cylinders: 30401
  total sectors: 488397168
  rpm: 3600
  interleave: 1
  trackskew: 0
  cylinderskew: 0
  headswitch: 0
  track-to-track seek: 0
  byte order: little endian
  partition count: 16

                  Start            Size Type    fsize bsize   cpg
 a:                  63          530082 4.2BSD   2048 16384     1
 b:              530145          530145 swap
 c:   X               0       488397168 unused      0     0
 d:             1060290          530145 4.2BSD   2048 16384     1
 e:             1590435          530145 4.2BSD   2048 16384     1
 f:             2120580        41945715 4.2BSD   2048 16384     1
 g:            44066295       200132294 4.2BSD   2048 16384     1
 h:   X       244198605       244198563 4.2BSD   2048 16384    16
 i:   X               0               0 unused
 j:   X               0               0 unused
 k:   X               0               0 unused
 l:   X               0               0 unused
 m:   X               0               0 unused
 n:   X               0               0 unused
 o:   X               0               0 unused
 p:   X               0               0 unused
1:           244198589       244198579   1023/168/ 6-1023/ 80/63 FreeBSD or DragonFly (0xa5)
 BSD disklabel at sector 244198589 (offset 1) of jre-ruby-wd2.img:
  type: unknown (0)
  disk: amnesiac
  label: 
  flags: 00000000
  bytes/sector: 512
  sectors/track: 63
  tracks/cylinder: 16
  sectors/cylinder: 1008
  cylinders: 242260
  total sectors: 244198579
  rpm: 3600
  interleave: 1
  trackskew: 0
  cylinderskew: 0
  headswitch: 0
  track-to-track seek: 0
  byte order: little endian
  partition count: 8

                  Start            Size Type    fsize bsize   cpg
 a:           244198605       244198563 4.2BSD   2048 16384 28512
 b:   X               0               0 unused
 c:           244198589       244198579 unused      0     0
 d:   X               0               0 unused
 e:   X               0               0 unused
 f:   X               0               0 unused
 g:   X               0               0 unused
 h:   X               0               0 unused
2:   X               0               0      0/  0/ 0-   0/  0/ 0 unused (0x00)
3:   X               0               0      0/  0/ 0-   0/  0/ 0 unused (0x00)
OpenBSD disklabel at sector 0 (offset 1) of jre-ruby-wd2.img:
  version: 1
  type: ESDI (5)
  disk: ESDI/IDE disk
  label: WDC WD2500JB-57R
  flags: 00000000
  bytes/sector: 512
  sectors/track: 63
  tracks/cylinder: 255
  sectors/cylinder: 16065
  cylinders: 30401
  total sectors: 488397168
  rpm: 3600
  interleave: 1
  trackskew: 0
  cylinderskew: 0
  headswitch: 0
  track-to-track seek: 0
  byte order: little endian
  partition count: 16

                 Start            Size Type    fsize bsize   cpg
a:                  63          530082 4.2BSD   2048 16384    16
b:              530145          530145 swap
c:                   0       488397168 unused      0     0
d:             1060290          530145 4.2BSD   2048 16384    16
e:             1590435          530145 4.2BSD   2048 16384    16
f:             2120580        41945715 4.2BSD   2048 16384    16
g:            44066295       200132294 4.2BSD   2048 16384    16
h:           244198605       244198563 4.2BSD   2048 16384    16
i:   X               0               0 unused
j:   X               0               0 unused
k:   X               0               0 unused
l:   X               0               0 unused
m:   X               0               0 unused
n:   X               0               0 unused
o:   X               0               0 unused
p:   X               0               0 unused


Dump of jre-ruby-wd2.img MBR at sector 0 (0x0):
000000000000  ea 05 00 c0 07 8c c8 8e  d0 bc fc ff 8e d8 b8 a0  |................|
000000000010  07 8e c0 31 f6 31 ff b9  00 02 fc f3 a4 ea 22 00  |...1.1........".|
000000000020  a0 07 1e 07 0e 1f b4 02  cd 16 a8 03 74 0a b0 07  |............t...|
000000000030  e8 cb 00 80 0e b4 01 01  f6 c2 80 75 08 be 36 01  |...........u..6.|
000000000040  e8 af 00 b2 80 be be 01  b9 04 00 8a 04 3c 80 74  |.............<.t|
000000000050  0f 83 c6 10 e2 f5 be 6a  01 e8 96 00 fb f4 eb fc  |.......j........|
000000000060  88 d0 24 0f 04 30 a2 27  01 b0 34 28 c8 a2 34 01  |..$..0.'..4(..4.|
000000000070  56 be 1a 01 f6 06 b4 01  01 75 01 46 e8 73 00 5e  |V........u.F.s.^|
000000000080  26 c7 06 fe 01 00 00 f6  06 b4 01 01 75 31 88 14  |&...........u1..|
000000000090  bb aa 55 b4 41 cd 13 8a  14 72 24 81 fb 55 aa 75  |..U.A....r$..U.u|
0000000000a0  1e f6 c1 01 74 19 b0 2e  e8 53 00 66 8b 4c 08 66  |....t....S.f.L.f|
0000000000b0  89 0e 12 01 56 b4 42 be  0a 01 cd 13 5e 73 19 b0  |....V.B.....^s..|
0000000000c0  3b e8 3a 00 8a 74 01 8b  4c 02 b8 01 02 31 db cd  |;.:..t..L....1..|
0000000000d0  13 73 05 be 52 01 eb 81  be 7d 01 e8 14 00 26 81  |.s..R....}....&.|
0000000000e0  3e fe 01 55 aa 75 05 ea  00 7c 00 00 be 61 01 e9  |>..U.u...|...a..|
0000000000f0  67 ff 50 fc ac 84 c0 74  0f e8 02 00 eb f6 50 53  |g.P....t......PS|
000000000100  b4 0e bb 01 00 cd 10 5b  58 c3 10 00 01 00 00 00  |.......[X.......|
000000000110  c0 07 00 00 00 00 00 00  00 00 21 55 73 69 6e 67  |..........!Using|
000000000120  20 64 72 69 76 65 20 58  2c 20 70 61 72 74 69 74  | drive X, partit|
000000000130  69 6f 6e 20 59 00 4d 42  52 20 6f 6e 20 66 6c 6f  |ion Y.MBR on flo|
000000000140  70 70 79 20 6f 72 20 6f  6c 64 20 42 49 4f 53 0d  |ppy or old BIOS.|
000000000150  0a 00 0d 0a 52 65 61 64  20 65 72 72 6f 72 0d 0a  |....Read error..|
000000000160  00 4e 6f 20 4f 2f 53 0d  0a 00 4e 6f 20 61 63 74  |.No O/S...No act|
000000000170  69 76 65 20 70 61 72 74  69 74 69 6f 6e 0d 0a 00  |ive partition...|
000000000180  90 00 00 00 00 00 00 00  00 00 00 00 00 00 00 00  |................|
000000000190  00 00 00 00 00 00 00 00  00 00 00 00 00 00 00 00  |................|
0000000001a0  00 00 00 00 00 00 00 00  00 00 00 00 00 00 00 00  |................|
0000000001b0  00 00 00 00 00 00 4f 78  00 00 00 00 00 00 80 01  |......Ox........|
0000000001c0  01 00 a6 a8 c5 ff 3f 00  00 00 7e 2c 8e 0e 00 a8  |......?...~,....|
0000000001d0  c6 ff a5 50 ff ff bd 2c  8e 0e b3 2c 8e 0e 00 00  |...P...,...,....|
0000000001e0  00 00 00 00 00 00 00 00  00 00 00 00 00 00 00 00  |................|
0000000001f0  00 00 00 00 00 00 00 00  00 00 00 00 00 00 55 aa  |..............U.|
000000000200


Dump of jre-ruby-wd2.img BSD disklabel at sector 1 (0x1) offset 0 (0x0):
000000000200  57 45 56 82 05 00 00 00  45 53 44 49 2f 49 44 45  |WEV.....ESDI/IDE|
000000000210  20 64 69 73 6b 00 00 00  57 44 43 20 57 44 32 35  | disk...WDC WD25|
000000000220  30 30 4a 42 2d 35 37 52  00 02 00 00 3f 00 00 00  |00JB-57R....?...|
000000000230  ff 00 00 00 c1 76 00 00  c1 3e 00 00 70 59 1c 1d  |.....v...>..pY..|
000000000240  00 00 00 00 00 00 00 00  10 0e 01 00 00 00 00 00  |................|
000000000250  00 00 00 00 00 00 00 00  00 00 00 00 00 00 00 00  |................|
000000000260  00 00 00 00 00 00 00 00  00 00 00 00 00 00 00 00  |................|
000000000270  00 00 01 00 00 00 00 00  00 00 00 00 00 00 00 00  |................|
000000000280  00 00 00 00 57 45 56 82  35 f7 10 00 00 20 00 00  |....WEV.5.... ..|
000000000290  00 00 01 00 a2 16 08 00  3f 00 00 00 00 00 00 00  |........?.......|
0000000002a0  07 14 10 00 e1 16 08 00  e1 16 08 00 00 00 00 00  |................|
0000000002b0  01 14 10 00 70 59 1c 1d  00 00 00 00 00 00 00 00  |....pY..........|
0000000002c0  00 00 00 00 e1 16 08 00  c2 2d 10 00 00 00 00 00  |.........-......|
0000000002d0  07 14 10 00 e1 16 08 00  a3 44 18 00 00 00 00 00  |.........D......|
0000000002e0  07 14 10 00 73 0a 80 02  84 5b 20 00 00 00 00 00  |....s....[ .....|
0000000002f0  07 14 10 00 c6 c6 ed 0b  f7 65 a0 02 00 00 00 00  |.........e......|
000000000300  07 14 10 00 a3 2c 8e 0e  cd 2c 8e 0e 00 00 00 00  |.....,...,......|
000000000310  07 14 10 00 00 00 00 00  00 00 00 00 00 00 00 00  |................|
000000000320  00 00 00 00 00 00 00 00  00 00 00 00 00 00 00 00  |................|
000000000330  00 00 00 00 00 00 00 00  00 00 00 00 00 00 00 00  |................|
000000000340  00 00 00 00 00 00 00 00  00 00 00 00 00 00 00 00  |................|
000000000350  00 00 00 00 00 00 00 00  00 00 00 00 00 00 00 00  |................|
000000000360  00 00 00 00 00 00 00 00  00 00 00 00 00 00 00 00  |................|
000000000370  00 00 00 00 00 00 00 00  00 00 00 00 00 00 00 00  |................|
000000000380  00 00 00 00 00 00 00 00  00 00 00 00 00 00 00 00  |................|
000000000390  00 00 00 00 00 00 00 00  00 00 00 00 00 00 00 00  |................|
0000000003a0  00 00 00 00 00 00 00 00  00 00 00 00 00 00 00 00  |................|
0000000003b0  00 00 00 00 00 00 00 00  00 00 00 00 00 00 00 00  |................|
0000000003c0  00 00 00 00 00 00 00 00  00 00 00 00 00 00 00 00  |................|
0000000003d0  00 00 00 00 00 00 00 00  00 00 00 00 00 00 00 00  |................|
0000000003e0  00 00 00 00 00 00 00 00  00 00 00 00 00 00 00 00  |................|
0000000003f0  00 00 00 00 00 00 00 00  00 00 00 00 00 00 00 00  |................|
000000000400


Dump of jre-ruby-wd2.img BSD disklabel at sector 64 (0x40) offset 0 (0x0):
000000008000  57 45 56 82 05 00 00 00  45 53 44 49 2f 49 44 45  |WEV.....ESDI/IDE|
000000008010  20 64 69 73 6b 00 00 00  57 44 43 20 57 44 32 35  | disk...WDC WD25|
000000008020  30 30 4a 42 2d 35 37 52  00 02 00 00 3f 00 00 00  |00JB-57R....?...|
000000008030  ff 00 00 00 c1 76 00 00  c1 3e 00 00 70 59 1c 1d  |.....v...>..pY..|
000000008040  00 00 00 00 00 00 00 00  10 0e 01 00 00 00 00 00  |................|
000000008050  00 00 00 00 00 00 00 00  00 00 00 00 00 00 00 00  |................|
000000008060  00 00 00 00 00 00 00 00  00 00 00 00 00 00 00 00  |................|
000000008070  00 00 01 00 00 00 00 00  00 00 00 00 00 00 00 00  |................|
000000008080  00 00 00 00 57 45 56 82  24 f7 10 00 00 20 00 00  |....WEV.$.... ..|
000000008090  00 00 01 00 a2 16 08 00  3f 00 00 00 00 00 00 00  |........?.......|
0000000080a0  07 14 01 00 e1 16 08 00  e1 16 08 00 00 00 00 00  |................|
0000000080b0  01 14 10 00 70 59 1c 1d  00 00 00 00 00 00 00 00  |....pY..........|
0000000080c0  00 00 00 00 e1 16 08 00  c2 2d 10 00 00 00 00 00  |.........-......|
0000000080d0  07 14 01 00 e1 16 08 00  a3 44 18 00 00 00 00 00  |.........D......|
0000000080e0  07 14 01 00 73 0a 80 02  84 5b 20 00 00 00 00 00  |....s....[ .....|
0000000080f0  07 14 01 00 c6 c6 ed 0b  f7 65 a0 02 00 00 00 00  |.........e......|
000000008100  07 14 01 00 a3 2c 8e 0e  cd 2c 8e 0e 00 00 00 00  |.....,...,......|
000000008110  07 14 10 00 00 00 00 00  00 00 00 00 00 00 00 00  |................|
000000008120  00 00 00 00 00 00 00 00  00 00 00 00 00 00 00 00  |................|
000000008130  00 00 00 00 00 00 00 00  00 00 00 00 00 00 00 00  |................|
000000008140  00 00 00 00 00 00 00 00  00 00 00 00 00 00 00 00  |................|
000000008150  00 00 00 00 00 00 00 00  00 00 00 00 00 00 00 00  |................|
000000008160  00 00 00 00 00 00 00 00  00 00 00 00 00 00 00 00  |................|
000000008170  00 00 00 00 00 00 00 00  00 00 00 00 00 00 00 00  |................|
000000008180  00 00 00 00 00 00 00 00  00 00 00 00 00 00 00 00  |................|
000000008190  00 00 00 00 00 00 00 00  00 00 00 00 00 00 00 00  |................|
0000000081a0  00 00 00 00 00 00 00 00  00 00 00 00 00 00 00 00  |................|
0000000081b0  00 00 00 00 00 00 00 00  00 00 00 00 00 00 00 00  |................|
0000000081c0  00 00 00 00 00 00 00 00  00 00 00 00 00 00 00 00  |................|
0000000081d0  00 00 00 00 00 00 00 00  00 00 00 00 00 00 00 00  |................|
0000000081e0  00 00 00 00 00 00 00 00  00 00 00 00 00 00 00 00  |................|
0000000081f0  00 00 00 00 00 00 00 00  00 00 00 00 00 00 00 00  |................|
000000008200


Dump of jre-ruby-wd2.img BSD disklabel at sector 244198590 (0xe8e2cbe) offset 0 (0x0):
001d1c597c00  57 45 56 82 00 00 00 00  61 6d 6e 65 73 69 61 63  |WEV.....amnesiac|
001d1c597c10  00 00 00 00 00 00 00 00  00 00 00 00 00 00 00 00  |................|
001d1c597c20  00 00 00 00 00 00 00 00  00 02 00 00 3f 00 00 00  |............?...|
001d1c597c30  10 00 00 00 54 b2 03 00  f0 03 00 00 b3 2c 8e 0e  |....T........,..|
001d1c597c40  00 00 00 00 00 00 00 00  10 0e 01 00 00 00 00 00  |................|
001d1c597c50  00 00 00 00 00 00 00 00  00 00 00 00 00 00 00 00  |................|
001d1c597c60  00 00 00 00 00 00 00 00  00 00 00 00 00 00 00 00  |................|
001d1c597c70  00 00 00 00 00 00 00 00  00 00 00 00 00 00 00 00  |................|
001d1c597c80  00 00 00 00 57 45 56 82  b6 d2 08 00 00 20 00 00  |....WEV...... ..|
001d1c597c90  00 00 00 00 a3 2c 8e 0e  cd 2c 8e 0e 00 08 00 00  |.....,...,......|
001d1c597ca0  07 08 60 6f 00 00 00 00  00 00 00 00 00 00 00 00  |..`o............|
001d1c597cb0  00 00 00 00 b3 2c 8e 0e  bd 2c 8e 0e 00 00 00 00  |.....,...,......|
001d1c597cc0  00 00 00 00 00 00 00 00  00 00 00 00 00 00 00 00  |................|
001d1c597cd0  00 00 00 00 00 00 00 00  00 00 00 00 00 00 00 00  |................|
001d1c597ce0  00 00 00 00 00 00 00 00  00 00 00 00 00 00 00 00  |................|
001d1c597cf0  00 00 00 00 00 00 00 00  00 00 00 00 00 00 00 00  |................|
001d1c597d00  00 00 00 00 00 00 00 00  00 00 00 00 00 00 00 00  |................|
001d1c597d10  00 00 00 00 eb 0e 42 54  58 01 01 80 f6 0f b0 07  |......BTX.......|
001d1c597d20  00 20 00 00 fa 31 c0 8e  d0 bc 00 18 8e c0 8e d8  |. ...1..........|
001d1c597d30  66 6a 02 66 9d bf 00 1e  b9 00 39 57 f3 ab 5f be  |fj.f......9W.._.|
001d1c597d40  12 97 ac 98 91 e3 1d ac  92 ad 93 ad b6 08 d1 eb  |................|
001d1c597d50  73 0b 89 05 88 75 02 88  55 05 83 c0 04 8d 7d 08  |s....u..U.....}.|
001d1c597d60  e2 ec eb de c6 45 05 18  c6 45 08 10 c6 45 0d 1e  |.....E...E...E..|
001d1c597d70  c6 45 66 68 bb 20 28 e8  b8 00 0f 01 1e 06 97 0f  |.Efh. (.........|
001d1c597d80  01 16 00 97 0f 20 c0 40  0f 22 c0 ea 7c 90 08 00  |..... .@."..|...|
001d1c597d90  31 c9 b1 10 8e d1 b1 38  0f 00 d9 ba 00 a0 00 00  |1......8........|
001d1c597da0  36 0f b7 05 13 04 00 00  c1 e0 0a 2d 00 10 00 00  |6..........-....|
001d1c597db0  29 d0 b1 33 51 50 68 02  02 00 00 6a 2b ff 35 0c  |)..3QPh....j+.5.|
001d1c597dc0  90 00 00 51 51 51 51 52  b1 07 6a 00 e2 fc 61 07  |...QQQQR..j...a.|
001d1c597dd0  1f 0f a1 0f a9 cf fa bc  00 18 00 00 0f 20 c0 25  |............. .%|
001d1c597de0  ff ff ff 7f 0f 22 c0 31  c9 0f 22 d9 0f 01 15 00  |.....".1..".....|
001d1c597df0  97 00 00 66 ea e5 90 18  00 b1 20 8e d1 8e d9 8e  |...f...... .....|
001d1c597e00
