jre-mica-wd1.img: 149GB (312581808 sectors of 512 bytes)
    label:               jre-mica-wd1.img
    device path:         jre-mica-wd1.img
    sector size:         512
    total sectors:       312581808
    total cylinders:     19457 (cylinders)
    tracks per cylinder: 255 (heads)
    sectors per track:   63 (sectors)


MBR partition table at sector 0 of jre-mica-wd1.img:
           Start      Size A    C   H  S    C   H  S Type
0:         16065  83891430 *    1/  0/ 1-1023/254/63 Solaris (0xbf)
 Sun x86 disk label at sector 16065 (offset 1) of jre-mica-wd1.img:
  name: 
  bytes/sector: 512
  partition count: 16
  physical cylinders: 5222
  data cylinders: 5220
  alternate cylinders: 2
  cylinders offset: 0
  tracks/cylinder: 255
  sectors/track: 63
  interleave: 1
  skew: 0
  alternates/cylinder: 0
  rpm: 3600
  write sectskip: 0
  read sectskip: 0

            Start      Size Flags Type
 0:      42588315  41287050 wm    root
 1:         64260   1237005 wu    swap
 2:         16065  83859300 wm    backup
 3:   X     16065         0 wm    unassigned
 4:   X     16065         0 wm    unassigned
 5:   X     16065         0 wm    unassigned
 6:   X     16065         0 wm    unassigned
 7:       1301265  41287050 wm    home
 8:         16065     16065 wu    boot
 9:         32130     32130 wu    altsctr
 10:  X     16065         0 wm    unassigned
 11:  X     16065         0 wm    unassigned
 12:  X     16065         0 wm    unassigned
 13:  X     16065         0 wm    unassigned
 14:  X     16065         0 wm    unassigned
 15:  X     16065         0 wm    unassigned
1:      83907495  20971520   1023/  0/ 1-1023/106/17 OpenBSD (0xa6)
2:     104879015  20971520   1023/106/18-1023/212/34 FreeBSD or DragonFly (0xa5)
3:     125850535 186731273   1023/212/35-1023/ 80/63 Windows Extended (LBA) (0x0f)


Dump of jre-mica-wd1.img MBR at sector 0 (0x0):
000000000000  eb 04 4d 33 2e 30 fa fc  be 00 7c bf 00 06 8c c8  |..M3.0....|.....|
000000000010  8e d0 89 f4 8e c0 8e d8  51 b9 00 01 f3 a5 59 e9  |........Q.....Y.|
000000000020  00 8a fb b4 02 cd 16 24  03 3c 03 75 05 c6 06 61  |.......$.<.u...a|
000000000030  07 01 bb be 07 b9 04 00  80 3f 80 74 0e 83 c3 10  |.........?.t....|
000000000040  e2 f6 bd 75 07 b9 13 00  e9 e6 00 b4 00 cd 13 53  |...u...........S|
000000000050  b4 41 bb aa 55 b9 00 00  cd 13 72 3f 81 fb 55 aa  |.A..U.....r?..U.|
000000000060  75 39 f7 c1 01 00 74 33  bd a4 07 b9 03 00 e8 c8  |u9....t3........|
000000000070  00 5b 53 b9 05 00 66 6a  00 66 ff 77 08 66 ff 36  |.[S...fj.f.w.f.6|
000000000080  5c 07 6a 01 6a 10 b4 42  89 e6 cd 13 9f 83 c4 10  |\.j.j..B........|
000000000090  9e 73 7b b4 00 cd 13 e2  dd eb 6b bd a7 07 b9 03  |.s{.......k.....|
0000000000a0  00 e8 95 00 5b 53 8a 16  60 07 b4 08 cd 13 73 08  |....[S..`.....s.|
0000000000b0  bd 62 07 b9 13 00 eb 79  88 c8 24 3f a2 59 07 fe  |.b.....y..$?.Y..|
0000000000c0  c6 f6 e6 a3 5a 07 8b 47  08 8b 57 0a f7 36 5a 07  |....Z..G..W..6Z.|
0000000000d0  89 c3 89 d0 f6 36 59 07  fe c4 30 c9 88 fd c1 e9  |.....6Y...0.....|
0000000000e0  02 80 e1 c0 08 e1 88 dd  88 c6 8a 16 60 07 c4 1e  |............`...|
0000000000f0  5c 07 be 05 00 b8 01 02  cd 13 73 12 b4 00 cd 13  |\.........s.....|
000000000100  4e 83 fe 00 75 ef bd 88  07 b9 0e 00 eb 23 bb 00  |N...u........#..|
000000000110  7c 81 bf fe 01 55 aa 74  08 bd 96 07 b9 0b 00 eb  ||....U.t........|
000000000120  10 8a 16 60 07 5e 66 ff  16 5c 07 bd a1 07 b9 03  |...`.^f..\......|
000000000130  00 bb 4f 00 e8 0c 00 cd  18 80 3e 61 07 00 74 18  |..O.......>a..t.|
000000000140  bb 1f 00 60 b8 01 13 ba  00 17 cd 10 b0 07 b9 01  |...`............|
000000000150  00 cd 10 b4 00 cd 16 61  c3 00 00 00 00 7c 00 00  |.......a.....|..|
000000000160  80 00 43 61 6e 27 74 20  72 65 61 64 20 67 65 6f  |..Can't read geo|
000000000170  6d 65 74 72 79 4e 6f 20  61 63 74 69 76 65 20 70  |metryNo active p|
000000000180  61 72 74 69 74 69 6f 6e  43 61 6e 27 74 20 72 65  |artitionCan't re|
000000000190  61 64 20 50 42 52 42 61  64 20 50 42 52 20 73 69  |ad PBRBad PBR si|
0000000001a0  67 21 21 21 4c 42 41 43  48 53 00 00 00 00 00 00  |g!!!LBACHS......|
0000000001b0  00 00 00 00 00 00 00 00  00 00 00 00 00 00 80 00  |................|
0000000001c0  01 01 bf fe ff ff c1 3e  00 00 e6 14 00 05 00 00  |.......>........|
0000000001d0  c1 ff a6 6a d1 ff a7 53  00 05 00 00 40 01 00 6a  |...j...S....@..j|
0000000001e0  d2 ff a5 d4 e2 ff a7 53  40 06 00 00 40 01 00 d4  |.......S@...@...|
0000000001f0  e3 ff 0f 50 ff ff a7 53  80 07 09 4b 21 0b 55 aa  |...P...S...K!.U.|
000000000200


Dump of jre-mica-wd1.img Sun x86 disk label at sector 16066 (0x3ec2):
0000007d8400  00 00 00 00 00 00 00 00  00 00 00 00 ee de 0d 60  |...............`|
0000007d8410  01 00 00 00 00 00 00 00  00 00 00 00 00 02 10 00  |................|
0000007d8420  00 00 00 00 00 00 00 00  00 00 00 00 00 00 00 00  |................|
0000007d8430  00 00 00 00 00 00 00 00  00 00 00 00 00 00 00 00  |................|
0000007d8440  00 00 00 00 00 00 00 00  02 00 00 00 da 99 89 02  |................|
0000007d8450  8a fd 75 02 03 00 01 00  43 bc 00 00 0d e0 12 00  |..u.....C.......|
0000007d8460  05 00 00 00 00 00 00 00  64 97 ff 04 00 00 00 00  |........d.......|
0000007d8470  00 00 00 00 00 00 00 00  00 00 00 00 00 00 00 00  |................|
0000007d8480  00 00 00 00 00 00 00 00  00 00 00 00 00 00 00 00  |................|
0000007d8490  00 00 00 00 00 00 00 00  00 00 00 00 08 00 00 00  |................|
0000007d84a0  50 9c 13 00 8a fd 75 02  01 00 01 00 00 00 00 00  |P.....u.........|
0000007d84b0  c1 3e 00 00 09 00 01 00  c1 3e 00 00 82 7d 00 00  |.>.......>...}..|
0000007d84c0  00 00 00 00 00 00 00 00  00 00 00 00 00 00 00 00  |................|
0000007d84d0  00 00 00 00 00 00 00 00  00 00 00 00 00 00 00 00  |................|
0000007d84e0  00 00 00 00 00 00 00 00  00 00 00 00 00 00 00 00  |................|
0000007d84f0  00 00 00 00 00 00 00 00  00 00 00 00 00 00 00 00  |................|
0000007d8500  00 00 00 00 00 00 00 00  00 00 00 00 00 00 00 00  |................|
0000007d8510  00 00 00 00 00 00 00 00  00 00 00 00 00 00 00 00  |................|
0000007d8520  00 00 00 00 00 00 00 00  00 00 00 00 00 00 00 00  |................|
0000007d8530  00 00 00 00 00 00 00 00  00 00 00 00 00 00 00 00  |................|
0000007d8540  00 00 00 00 00 00 00 00  44 45 46 41 55 4c 54 20  |........DEFAULT |
0000007d8550  63 79 6c 20 35 32 32 30  20 61 6c 74 20 32 20 68  |cyl 5220 alt 2 h|
0000007d8560  64 20 32 35 35 20 73 65  63 20 36 33 00 00 00 00  |d 255 sec 63....|
0000007d8570  00 00 00 00 00 00 00 00  00 00 00 00 00 00 00 00  |................|
0000007d8580  00 00 00 00 00 00 00 00  00 00 00 00 00 00 00 00  |................|
0000007d8590  00 00 00 00 00 00 00 00  00 00 00 00 00 00 00 00  |................|
0000007d85a0  00 00 00 00 00 00 00 00  00 00 00 00 00 00 00 00  |................|
0000007d85b0  00 00 00 00 00 00 00 00  00 00 00 00 00 00 00 00  |................|
0000007d85c0  00 00 00 00 00 00 00 00  66 14 00 00 64 14 00 00  |........f...d...|
0000007d85d0  02 00 00 00 ff 00 00 00  3f 00 00 00 01 00 00 00  |........?.......|
0000007d85e0  00 00 10 0e 00 00 00 00  00 00 00 00 00 00 00 00  |................|
0000007d85f0  00 00 00 00 00 00 00 00  00 00 00 00 be da cf e2  |................|
0000007d8600
