jre-mica-wd0.img: 149GB (312581808 sectors of 512 bytes)
    label:               jre-mica-wd0.img
    device path:         jre-mica-wd0.img
    sector size:         512
    total sectors:       312581808
    total cylinders:     20673 (cylinders)
    tracks per cylinder: 240 (heads)
    sectors per track:   63 (sectors)


MBR partition table at sector 0 of jre-mica-wd0.img:
           Start      Size A    C   H  S    C   H  S Type
0:            63  83886080      0/  1/ 1-1023/239/63 OpenBSD (0xa6)
 OpenBSD disklabel at sector 63 (offset 1) of jre-mica-wd0.img:
  version: 1
  type: ESDI (5)
  disk: ESDI/IDE disk
  label: SAMSUNG SP1614C 
  flags: 00000000
  bytes/sector: 512
  sectors/track: 63
  tracks/cylinder: 240
  sectors/cylinder: 15120
  cylinders: 20673
  total sectors: 312581808
  rpm: 3600
  interleave: 1
  trackskew: 0
  cylinderskew: 0
  headswitch: 0
  track-to-track seek: 0
  byte order: little endian
  partition count: 16

            Start      Size Type    fsize bsize   cpg
 a:            63   1058337 4.2BSD   2048 16384     1
 b:       1058400   5246640 swap
 c:   X         0 312581808 unused      0     0
 d:       6305040   1058400 4.2BSD   2048 16384     1
 e:       7363440   2101680 4.2BSD   2048 16384     1
 f:       9465120  31464720 4.2BSD   2048 16384     1
 g:      40929840  42956303 4.2BSD   2048 16384     1
 h:   X         0         0 unused
 i:   X         0         0 unused
 j:   X         0         0 unused
 k:   X         0         0 unused
 l:   X         0         0 unused
 m:   X         0         0 unused
 n:   X         0         0 unused
 o:   X         0         0 unused
 p:   X         0         0 unused
1:      83886143  83885377 * 1023/239/63-1023/239/63 NTFS or HPFS (0x07)
2:     167771520  20971520   1023/239/63-1023/239/63 NetBSD (0xa9)
3:     188758080 123802560   1023/239/63-1023/239/63 Windows Extended (LBA) (0x0f)
 4:     188758143  20971377   1023/  1/ 1-1023/239/63 FreeBSD or DragonFly (0xa5)
 5:     209729583  20971377   1023/  1/ 1-1023/239/63 Linux Filesystem (0x83)
 6:     230701023  20971377   1023/239/63-1023/239/63 Windows FAT16 (LBA) (0x0e)
