jre-sibyl-wd3.img: 149GB (312581808 sectors of 512 bytes)
    description:         regression-tests/jre-sibyl-wd3.old
    device name:         jre-sibyl-wd3.img
    device path:         jre-sibyl-wd3.img
    sector size:         512
    total sectors:       312581808
    total cylinders:     20673 (cylinders)
    tracks per cylinder: 240 (heads)
    sectors per track:   63 (sectors)


MBR partition table at sector 0 of jre-sibyl-wd3.img:
           Start      Size A    C   H  S    C   H  S Type
0:            63  83886080 *    0/  1/ 1-1023/  6/ 5 OpenBSD (0xa6)
 OpenBSD disklabel at sector 63 (offset 1) of jre-sibyl-wd3.img:
  version: 1
  type: ESDI (5)
  disk: ESDI/IDE disk
  label: obsd64, debian
  flags: 00000000
  bytes/sector: 512
  sectors/track: 63
  tracks/cylinder: 16
  sectors/cylinder: 1008
  cylinders: 16383
  total sectors: 312581808
  byte order: little endian
  partition count: 16

            Start      Size Type    fsize bsize   cpg
 a:            63    524097 4.2BSD   2048 16384   328
 b:        524160   4218480 swap
 c:   X         0 312581808 unused      0     0
 d:       4742640   1048320 4.2BSD   2048 16384   328
 e:       5790960    524160 4.2BSD   2048 16384   328
 f:       6315120  20971440 4.2BSD   2048 16384   328
 g:      27286560  56599583 4.2BSD   2048 16384   328
 h:   X 185823855 126757953 4.2BSD   2048 16384     1
 i:   X         0         0 unused
 j:   X         0         0 unused
 k:   X         0         0 unused
 l:   X         0         0 unused
 m:   X         0         0 unused
 n:   X         0         0 unused
 o:   X         0         0 unused
 p:   X         0         0 unused
1:      83886143  41943040   1023/  6/ 6-1023/  8/39 Linux Filesystem (0x83)
 BSD disklabel at sector 83886143 (offset 1) of jre-sibyl-wd3.img:
  type: unknown (0)
  disk: amnesiac
  label: 
  flags: 00000000
  bytes/sector: 512
  sectors/track: 63
  tracks/cylinder: 16
  sectors/cylinder: 1008
  cylinders: 2080
  total sectors: 2097152
  byte order: little endian
  partition count: 8

            Start      Size Type    fsize bsize   cpg
 a:      83886159   2097136 4.2BSD   2048 16384 28552
 b:   X         0         0 unused
 c:      83886143   2097152 unused      0     0
 d:   X         0         0 unused
 e:   X         0         0 unused
 f:   X         0         0 unused
 g:   X         0         0 unused
 h:   X         0         0 unused
2:     125837145  59986710   1023/135/ 1-1023/224/63 Linux Filesystem (0x83)
3:     185823855 126757953   1023/225/ 1-1023/ 95/63 OpenBSD (0xa6)
