jre-sibyl-wd0.img: 74.5GB (156301488 sectors of 512 bytes)
    label:               jre-sibyl-wd0.img
    device path:         jre-sibyl-wd0.img
    sector size:         512
    total sectors:       156301488
    total cylinders:     10337 (cylinders)
    tracks per cylinder: 240 (heads)
    sectors per track:   63 (sectors)


MBR partition table at sector 0 of jre-sibyl-wd0.img:
                 Start            Size A    C   H  S    C   H  S Type
0:                  63        39058988      0/  1/ 1-1023/ 64/59 Apple HFS+ (0xaf)
1:            39086145        78156225   1023/ 15/ 1-1023/ 29/63 Solaris (0xbf)
 Sun x86 disk label at sector 39086145 (offset 1) of jre-sibyl-wd0.img:
  name: 
  bytes/sector: 512
  partition count: 16
  physical cylinders: 4865
  data cylinders: 4863
  alternate cylinders: 2
  cylinders offset: 0
  tracks/cylinder: 255
  sectors/track: 63
  interleave: 1
  skew: 0
  alternates/cylinder: 0
  rpm: 3600
  write sectskip: 0
  read sectskip: 0

                  Start            Size Flags Type
 0:            40194630        14683410 wm    root
 1:            39134340         1060290 wu    swap
 2:            39086145        78124095 wm    backup
 3:   X        39086145               0 wm    unassigned
 4:   X        39086145               0 wm    unassigned
 5:   X        39086145               0 wm    unassigned
 6:   X        39086145               0 wm    unassigned
 7:            54878040        62332200 wm    home
 8:            39086145           16065 wu    boot
 9:            39102210           32130 wu    altsctr
 10:  X        39086145               0 wm    unassigned
 11:  X        39086145               0 wm    unassigned
 12:  X        39086145               0 wm    unassigned
 13:  X        39086145               0 wm    unassigned
 14:  X        39086145               0 wm    unassigned
 15:  X        39086145               0 wm    unassigned
2:           117242370        39059118   1023/ 30/ 1-1023/ 95/63 Apple HFS+ (0xaf)
3:   X               0               0      0/  0/ 0-   0/  0/ 0 unused (0x00)
