jre-anubis-wd0.img: 74.5GB (156301488 sectors of 512 bytes)
    label:               jre-anubis-wd0.img
    device path:         jre-anubis-wd0.img
    sector size:         512
    total sectors:       156301488
    total cylinders:     9729 (cylinders)
    tracks per cylinder: 255 (heads)
    sectors per track:   63 (sectors)


MBR partition table at sector 0 of jre-anubis-wd0.img:
           Start      Size A    C   H  S    C   H  S Type
0:            63  78156162 *    0/  1/ 1-1023/ 14/63 OpenBSD (0xa6)
 OpenBSD disklabel at sector 63 (offset 1) of jre-anubis-wd0.img:
  version: 1
  type: ESDI (5)
  disk: ESDI/IDE disk
  label: TOSHIBA MK8032GA
  flags: 00000000
  bytes/sector: 512
  sectors/track: 63
  tracks/cylinder: 255
  sectors/cylinder: 16065
  cylinders: 9729
  total sectors: 156301488
  rpm: 3600
  interleave: 1
  trackskew: 0
  cylinderskew: 0
  headswitch: 0
  track-to-track seek: 0
  byte order: little endian
  partition count: 16

            Start      Size Type    fsize bsize   cpg
 a:            63    530082 4.2BSD   2048 16384     1
 b:        530145   2104515 swap
 c:   X         0 156301488 unused      0     0
 d:       2634660    530145 4.2BSD   2048 16384     1
 e:       3164805   1060290 4.2BSD   2048 16384     1
 f:       4225095  10490445 4.2BSD   2048 16384     1
 g:      14715540  63440685 4.2BSD   2048 16384     1
 h:   X  78156225    917504 4.2BSD   2048 16384    16
 i:   X  81429293   1638400 4.2BSD   2048 16384    16
 j:   X  83919661  13771604 4.2BSD   2048 16384    16
 k:   X  97691265    524288 4.2BSD   2048 16384    16
 l:   X 100312705    524288 4.2BSD   2048 16384    16
 m:   X 101361281   6291456 4.2BSD   2048 16384    16
 n:   X 107652737   9572623 4.2BSD   2048 16384    16
 o:   X 117226368  19270944 4.2BSD   2048 16384    16
 p:   X 136761408  18538947 ext2fs
1:      78156225  19535040   1023/255/63-1023/ 14/63 FreeBSD or DragonFly (0xa5)
 BSD disklabel at sector 78156225 (offset 1) of jre-anubis-wd0.img:
  type: ESDI (5)
  disk: ad0s2
  label: 
  flags: 00000000
  bytes/sector: 512
  sectors/track: 63
  tracks/cylinder: 16
  sectors/cylinder: 1008
  cylinders: 155061
  total sectors: 156301488
  rpm: 3600
  interleave: 1
  trackskew: 0
  cylinderskew: 0
  headswitch: 0
  track-to-track seek: 0
  byte order: little endian
  partition count: 8

            Start      Size Type    fsize bsize   cpg
 a:      78156225    917504 4.2BSD   2048 16384 57352
 b:      79073729   2355564 swap
 c:      78156225  19535040 unused      0     0
 d:      81429293   1638400 4.2BSD   2048 16384 28552
 e:      83067693    851968 4.2BSD   2048 16384 53256
 f:      83919661  13771604 4.2BSD   2048 16384 28552
 g:   X         0         0 unused
 h:   X         0         0 unused
2:      97691265  19534095    659/ 15/ 1- 582/ 15/63 FreeBSD or DragonFly (0xa5)
 BSD disklabel at sector 97691265 (offset 1) of jre-anubis-wd0.img:
  type: unknown (0)
  disk: amnesiac
  label: fictitious
  flags: 00000000
  bytes/sector: 512
  sectors/track: 63
  tracks/cylinder: 127
  sectors/cylinder: 8001
  cylinders: 2441
  total sectors: 19534095
  rpm: 3600
  interleave: 1
  trackskew: 0
  cylinderskew: 0
  headswitch: 0
  track-to-track seek: 0
  byte order: little endian
  partition count: 16

            Start      Size Type    fsize bsize   cpg
 a:      97691265    524288 4.2BSD      0     0     0
 b:      98215553   2097152 swap
 c:      97691265  19534095 unused      0     0
 d:     100312705    524288 4.2BSD      0     0     0
 e:     100836993    524288 4.2BSD      0     0     0
 f:     101361281   6291456 4.2BSD      0     0     0
 g:     107652737   9572623 4.2BSD      0     0     0
 h:   X         0         0 unused
 i:   X         0         0 unused
 j:   X         0         0 unused
 k:   X         0         0 unused
 l:   X         0         0 unused
 m:   X         0         0 unused
 n:   X         0         0 unused
 o:   X         0         0 unused
 p:   X         0         0 unused
3:     117226305  39070080   1023/255/63-1023/ 14/63 DOS Extended (0x05)
 4:     117226368  19534977   1023/254/63-1023/254/63 NetBSD (0xa9)
  BSD disklabel at sector 117226368 (offset 1) of jre-anubis-wd0.img:
  type: unknown (0)
  disk: TOSHIBA MK8032G
  label: 
  flags: 00000000
  bytes/sector: 512
  sectors/track: 63
  tracks/cylinder: 16
  sectors/cylinder: 1008
  cylinders: 155061
  total sectors: 156301488
  rpm: 3600
  interleave: 1
  trackskew: 0
  cylinderskew: 0
  headswitch: 0
  track-to-track seek: 0
  byte order: little endian
  partition count: 16

             Start      Size Type    fsize bsize   cpg
  a:     117226368  19270944 4.2BSD   2048 16384     0
  b:     136497312    264033 swap
  c:     117226368  19534977 unused      0     0
  d:   X         0 156301488 unused      0     0
  e:   X        63  78156162 unknown
  f:   X  78156225  19535040 4.2BSD      0     0     0
  g:   X  97691265  19535040 4.2BSD      0     0     0
  h:   X         0         0 unused
  i:   X         0         0 unused
  j:   X         0         0 unused
  k:   X         0         0 unused
  l:   X         0         0 unused
  m:   X         0         0 unused
  n:   X         0         0 unused
  o:   X         0         0 unused
  p:   X         0         0 unused
 5:     136761408  18538947   1023/254/63-1023/254/63 Linux Filesystem (0x83)
 6:     155300418    995967   1023/254/63-1023/254/63 Linux Swap (0x82)
