junk-header-before-after.img: 9.84MB (20160 sectors of 512 bytes)

MBR partition table at sector 0 of junk-header-before-after.img:
                 Start            Size A Type
3:                  63           20097 * OpenBSD (0xa6)
