openbsd-uuid.img: 149GB (312581808 sectors of 512 bytes)

MBR partition table at sector 0 of openbsd-uuid.img:
           Start      Size A Type
3:            63 312576642 * OpenBSD (0xa6)
 OpenBSD disklabel at sector 63 (offset 1) of openbsd-uuid.img:
            Start      Size Type
 a:            63    530082 4.2BSD
 b:        530145   2104515 swap
 c:   X         0 312581808 unused
 h:      20964825 291611880 4.2BSD
