sparc-plain.img: 17.0GB (35566478 sectors of 512 bytes)

Sun sparc disklabel at sector 0 of sparc-plain.img:
                 Start            Size
0:                   0          524216
1:              524216          524216
2:                   0        35566478
3:             1048432          524216
4:             1572648        11329696
5:            12902344        11329696
6:            24232040        11329696
