sparc-obsd-new.img: 16.9GB (35378533 sectors of 512 bytes)
    description:         regression-tests/sparc-obsd-new.old
    device name:         sparc-obsd-new.img
    device path:         sparc-obsd-new.img
    sector size:         512
    total sectors:       35378533
    total cylinders:     7508 (cylinders)
    tracks per cylinder: 19 (heads)
    sectors per track:   248 (sectors)


Sun sparc disklabel (OpenBSD extensions) at sector 0 of sparc-obsd-new.img:
  physical cylinders: 7508
  data cylinders: 7508
  alternate cylinders: 0
  tracks/cylinder: 19
  sectors/track: 248
  rpm: 7200
  alternates/cylinder: 0
  interleave: 1

          Start     Size Type    fsize bsize   cpg
a:            0   527744 4.2BSD   2048 16384     1
b:       527744  1055488 swap
c:            0 35378533 unused      0     0
d:      1583232   301568 4.2BSD   2048 16384     1
e:      1884800 10554880 4.2BSD   2048 16384     1
f:     12439680 10554880 4.2BSD   2048 16384     1
g:     22994560 12364288 4.2BSD   2048 16384     1
h:   X        0        0 unused
i:   X        0        0 unused
j:   X        0        0 unused
k:   X        0        0 unused
l:   X        0        0 unused
m:   X        0        0 unused
n:   X        0        0 unused
o:   X        0        0 unused
p:     35358848    18848 4.2BSD   2048 16384     1
