sparc-vtoc.img: 68.4GB (143374738 sectors of 512 bytes)
    description:         sd0
    device name:         sparc-vtoc.img
    device path:         sparc-vtoc.img
    sector size:         512
    total sectors:       143374738
    total cylinders:     14089 (cylinders)
    tracks per cylinder: 24 (heads)
    sectors per track:   424 (sectors)


Sun sparc disklabel (Sun VTOC) at sector 0 of sparc-vtoc.img:
  rpm: 10025
  physical cylinders: 14089
  alternates/cylinder: 0
  interleave: 1
  data cylinders: 14087
  alternate cylinders: 2
  tracks/cylinder: 24
  sectors/track: 424
  name: 
  partition count: 8
  read sector skip: 0
  write sector skip: 0

           Start      Size Flags Type
0:       1058304  89884608 wm    root
1:             0   1058304 wu    swap
2:             0 143349312 wm    backup
3:   X         0         0 wm    unassigned
4:   X         0         0 wm    unassigned
5:   X         0         0 wm    unassigned
6:   X         0         0 wm    unassigned
7:      90942912  52406400 wm    home
