sparc-obsd-old.img: 16.9GB (35378533 sectors of 512 bytes)
    description:         regression-tests/sparc-obsd-old.old
    device name:         sparc-obsd-old.img
    device path:         sparc-obsd-old.img
    sector size:         512
    total sectors:       35378533
    total cylinders:     7508 (cylinders)
    tracks per cylinder: 19 (heads)
    sectors per track:   248 (sectors)


Sun sparc disklabel (OpenBSD partitions) at sector 0 of sparc-obsd-old.img:
  physical cylinders: 7508
  data cylinders: 7508
  alternate cylinders: 0
  tracks/cylinder: 19
  sectors/track: 248
  rpm: 7200
  alternates/cylinder: 0
  interleave: 1

          Start     Size
a:            0   523032
b:       523032   523032
c:            0 35378533
d:      1046064   523032
e:      1569096 11266392
f:     12835488 11266392
g:     24101880 11266392
h:   X        0        0
i:   X        0        0
j:   X        0        0
k:   X        0        0
l:   X        0        0
m:   X        0        0
n:   X        0        0
o:   X        0        0
p:     35368272     9424


Dump of sparc-obsd-old.img Sun sparc disklabel at sector 0 (0x0):
000000000000  53 54 33 31 38 32 30 33  4c 53 55 4e 31 38 47 20  |ST318203LSUN18G |
000000000010  61 6c 74 20 32 20 68 64  20 31 39 20 73 65 63 20  |alt 2 hd 19 sec |
000000000020  32 34 38 00 00 00 00 00  00 00 00 00 00 00 00 00  |248.............|
000000000030  00 00 00 00 00 00 00 00  00 00 00 00 00 00 00 00  |................|
000000000040  00 00 00 00 00 00 00 00  00 00 00 00 00 00 00 00  |................|
000000000050  00 00 00 00 00 00 00 00  00 00 00 00 00 00 00 00  |................|
000000000060  00 00 00 00 00 00 00 00  00 00 00 00 00 00 00 00  |................|
000000000070  00 00 00 00 00 00 00 00  00 00 00 00 00 00 00 00  |................|
000000000080  19 9d 62 0c 19 9d 1f ea  00 00 00 00 00 00 00 00  |..b.............|
000000000090  00 00 00 00 00 00 00 00  00 00 00 00 00 00 00 00  |................|
0000000000a0  00 00 00 00 00 00 00 00  00 00 00 00 00 00 00 00  |................|
0000000000b0  00 00 00 00 00 00 00 00  00 00 00 00 00 00 00 00  |................|
0000000000c0  00 00 1d 52 00 00 24 d0  00 00 00 00 00 00 00 00  |...R..$.........|
0000000000d0  00 00 00 00 00 00 00 00  00 00 00 00 00 00 00 00  |................|
0000000000e0  00 00 00 00 00 00 00 00  00 00 00 00 00 00 00 00  |................|
0000000000f0  00 00 00 00 00 00 00 00  00 00 00 00 00 00 00 00  |................|
000000000100  00 00 00 00 00 00 00 00  00 00 00 00 00 00 00 00  |................|
000000000110  00 00 00 00 00 00 00 00  00 00 00 00 00 00 00 00  |................|
000000000120  00 00 00 00 00 00 00 00  00 00 00 00 00 00 00 00  |................|
000000000130  00 00 00 00 00 00 00 00  00 00 00 00 00 00 00 00  |................|
000000000140  00 00 00 00 00 00 00 00  00 00 00 00 00 00 00 00  |................|
000000000150  00 00 00 00 00 00 00 00  00 00 00 00 00 00 00 00  |................|
000000000160  00 00 00 00 00 00 00 00  00 00 00 00 00 00 00 00  |................|
000000000170  00 00 00 00 00 00 00 00  00 00 00 00 00 00 00 00  |................|
000000000180  00 00 00 00 00 00 00 00  00 00 00 00 00 00 00 00  |................|
000000000190  00 00 00 00 00 00 00 00  00 00 00 00 00 00 00 00  |................|
0000000001a0  00 00 00 00 1c 20 1d 54  00 00 00 00 00 00 00 01  |..... .T........|
0000000001b0  1d 54 00 00 00 13 00 f8  00 00 00 00 00 00 00 00  |.T..............|
0000000001c0  00 07 fb 18 00 00 00 6f  00 07 fb 18 00 00 00 00  |.......o........|
0000000001d0  02 1b d5 65 00 00 00 de  00 07 fb 18 00 00 01 4d  |...e...........M|
0000000001e0  00 ab e9 58 00 00 0a a4  00 ab e9 58 00 00 13 fb  |...X.......X....|
0000000001f0  00 ab e9 58 00 00 00 00  00 00 00 00 da be 14 28  |...X...........(|
000000000200
